python : Creating test database for alias 'default'...
At C:\Users\ONE GOD\AppData\Local\Temp\ps-script-9cfedf19-ca7b-46af-82fe-88f69e09ecd8.ps1:57 char:1
+ python manage.py test accounts transactions --verbosity=1 2>&1 | Out- ...
+ ~~~~~~~~~~~~~~~~~~~~~~~~~~~~~~~~~~~~~~~~~~~~~~~~~~~~~~~~~~~~~~
    + CategoryInfo          : NotSpecified: (Creating test d...as 'default'...:String) [], RemoteException
    + FullyQualifiedErrorId : NativeCommandError
 

Found 27 test(s).
System check identified no issues (0 silenced).
.F.EE...........E..E.......
======================================================================
ERROR: test_profile_exempt_from_church_requirement 
(accounts.tests.MiddlewareTests.test_profile_exempt_from_church_requirement)
----------------------------------------------------------------------
Traceback (most recent call last):
  File "C:\Users\ONE GOD\AppData\Local\Programs\Python\Python314\Lib\site-packages\django\core\handlers\exception.py", 
line 55, in inner
    response = get_response(request)
  File "C:\Users\ONE GOD\AppData\Local\Programs\Python\Python314\Lib\site-packages\django\core\handlers\base.py", line 
197, in _get_response
    response = wrapped_callback(request, *callback_args, **callback_kwargs)
  File "C:\Users\ONE GOD\AppData\Local\Programs\Python\Python314\Lib\site-packages\django\contrib\auth\decorators.py", 
line 23, in _wrapper_view
    return view_func(request, *args, **kwargs)
  File "C:\Users\ONE GOD\Desktop\ChurchHub\accounts\views.py", line 56, in profile
    return render(request, "accounts/profile.html", {
        "user_obj": request.user,
        "profile_form": profile_form,
        "password_form": password_form,
    })
  File "C:\Users\ONE GOD\AppData\Local\Programs\Python\Python314\Lib\site-packages\django\shortcuts.py", line 24, in 
render
    content = loader.render_to_string(template_name, context, request, using=using)
  File "C:\Users\ONE GOD\AppData\Local\Programs\Python\Python314\Lib\site-packages\django\template\loader.py", line 
62, in render_to_string
    return template.render(context, request)
           ~~~~~~~~~~~~~~~^^^^^^^^^^^^^^^^^^
  File "C:\Users\ONE 
GOD\AppData\Local\Programs\Python\Python314\Lib\site-packages\django\template\backends\django.py", line 61, in render
    return self.template.render(context)
           ~~~~~~~~~~~~~~~~~~~~^^^^^^^^^
  File "C:\Users\ONE GOD\AppData\Local\Programs\Python\Python314\Lib\site-packages\django\template\base.py", line 175, 
in render
    return self._render(context)
           ~~~~~~~~~~~~^^^^^^^^^
  File "C:\Users\ONE GOD\AppData\Local\Programs\Python\Python314\Lib\site-packages\django\test\utils.py", line 111, in 
instrumented_test_render
    template_rendered.send(sender=self, template=self, context=context)
    ~~~~~~~~~~~~~~~~~~~~~~^^^^^^^^^^^^^^^^^^^^^^^^^^^^^^^^^^^^^^^^^^^^^
  File "C:\Users\ONE GOD\AppData\Local\Programs\Python\Python314\Lib\site-packages\django\dispatch\dispatcher.py", 
line 177, in send
    (receiver, receiver(signal=self, sender=sender, **named))
               ~~~~~~~~^^^^^^^^^^^^^^^^^^^^^^^^^^^^^^^^^^^^^
  File "C:\Users\ONE GOD\AppData\Local\Programs\Python\Python314\Lib\site-packages\django\test\client.py", line 267, 
in store_rendered_templates
    store["context"].append(copy(context))
                            ~~~~^^^^^^^^^
  File "C:\Users\ONE GOD\AppData\Local\Programs\Python\Python314\Lib\copy.py", line 82, in copy
    return copier(x)
  File "C:\Users\ONE GOD\AppData\Local\Programs\Python\Python314\Lib\site-packages\django\template\context.py", line 
158, in __copy__
    duplicate = super().__copy__()
  File "C:\Users\ONE GOD\AppData\Local\Programs\Python\Python314\Lib\site-packages\django\template\context.py", line 
39, in __copy__
    duplicate.dicts = self.dicts[:]
    ^^^^^^^^^^^^^^^
AttributeError: 'super' object has no attribute 'dicts' and no __dict__ for setting new attributes

During handling of the above exception, another exception occurred:

Traceback (most recent call last):
  File "C:\Users\ONE GOD\AppData\Local\Programs\Python\Python314\Lib\site-packages\django\core\handlers\exception.py", 
line 55, in inner
    response = get_response(request)
  File "C:\Users\ONE GOD\AppData\Local\Programs\Python\Python314\Lib\site-packages\django\utils\deprecation.py", line 
134, in __call__
    response = response or self.get_response(request)
                           ~~~~~~~~~~~~~~~~~^^^^^^^^^
  File "C:\Users\ONE GOD\AppData\Local\Programs\Python\Python314\Lib\site-packages\django\core\handlers\exception.py", 
line 57, in inner
    response = response_for_exception(request, exc)
  File "C:\Users\ONE GOD\AppData\Local\Programs\Python\Python314\Lib\site-packages\django\core\handlers\exception.py", 
line 144, in response_for_exception
    log_response(
    ~~~~~~~~~~~~^
        "%s: %s",
        ^^^^^^^^^
    ...<4 lines>...
        exception=exc,
        ^^^^^^^^^^^^^^
    )
    ^
  File "C:\Users\ONE GOD\AppData\Local\Programs\Python\Python314\Lib\site-packages\django\utils\log.py", line 246, in 
log_response
    getattr(logger, level)(
    ~~~~~~~~~~~~~~~~~~~~~~^
        message,
        ^^^^^^^^
    ...<5 lines>...
        exc_info=exception,
        ^^^^^^^^^^^^^^^^^^^
    )
    ^
  File "C:\Users\ONE GOD\AppData\Local\Programs\Python\Python314\Lib\logging\__init__.py", line 1549, in error
    self._log(ERROR, msg, args, **kwargs)
    ~~~~~~~~~^^^^^^^^^^^^^^^^^^^^^^^^^^^^
  File "C:\Users\ONE GOD\AppData\Local\Programs\Python\Python314\Lib\logging\__init__.py", line 1665, in _log
    self.handle(record)
    ~~~~~~~~~~~^^^^^^^^
  File "C:\Users\ONE GOD\AppData\Local\Programs\Python\Python314\Lib\logging\__init__.py", line 1681, in handle
    self.callHandlers(record)
    ~~~~~~~~~~~~~~~~~^^^^^^^^
  File "C:\Users\ONE GOD\AppData\Local\Programs\Python\Python314\Lib\logging\__init__.py", line 1737, in callHandlers
    hdlr.handle(record)
    ~~~~~~~~~~~^^^^^^^^
  File "C:\Users\ONE GOD\AppData\Local\Programs\Python\Python314\Lib\logging\__init__.py", line 1027, in handle
    self.emit(record)
    ~~~~~~~~~^^^^^^^^
  File "C:\Users\ONE GOD\AppData\Local\Programs\Python\Python314\Lib\site-packages\django\utils\log.py", line 125, in 
emit
    reporter.get_traceback_text(),
    ~~~~~~~~~~~~~~~~~~~~~~~~~~~^^
  File "C:\Users\ONE GOD\AppData\Local\Programs\Python\Python314\Lib\site-packages\django\views\debug.py", line 418, 
in get_traceback_text
    return t.render(c)
           ~~~~~~~~^^^
  File "C:\Users\ONE GOD\AppData\Local\Programs\Python\Python314\Lib\site-packages\django\template\base.py", line 175, 
in render
    return self._render(context)
           ~~~~~~~~~~~~^^^^^^^^^
  File "C:\Users\ONE GOD\AppData\Local\Programs\Python\Python314\Lib\site-packages\django\test\utils.py", line 111, in 
instrumented_test_render
    template_rendered.send(sender=self, template=self, context=context)
    ~~~~~~~~~~~~~~~~~~~~~~^^^^^^^^^^^^^^^^^^^^^^^^^^^^^^^^^^^^^^^^^^^^^
  File "C:\Users\ONE GOD\AppData\Local\Programs\Python\Python314\Lib\site-packages\django\dispatch\dispatcher.py", 
line 177, in send
    (receiver, receiver(signal=self, sender=sender, **named))
               ~~~~~~~~^^^^^^^^^^^^^^^^^^^^^^^^^^^^^^^^^^^^^
  File "C:\Users\ONE GOD\AppData\Local\Programs\Python\Python314\Lib\site-packages\django\test\client.py", line 267, 
in store_rendered_templates
    store["context"].append(copy(context))
                            ~~~~^^^^^^^^^
  File "C:\Users\ONE GOD\AppData\Local\Programs\Python\Python314\Lib\copy.py", line 82, in copy
    return copier(x)
  File "C:\Users\ONE GOD\AppData\Local\Programs\Python\Python314\Lib\site-packages\django\template\context.py", line 
158, in __copy__
    duplicate = super().__copy__()
  File "C:\Users\ONE GOD\AppData\Local\Programs\Python\Python314\Lib\site-packages\django\template\context.py", line 
39, in __copy__
    duplicate.dicts = self.dicts[:]
    ^^^^^^^^^^^^^^^
AttributeError: 'super' object has no attribute 'dicts' and no __dict__ for setting new attributes

During handling of the above exception, another exception occurred:

Traceback (most recent call last):
  File "C:\Users\ONE GOD\AppData\Local\Programs\Python\Python314\Lib\site-packages\django\core\handlers\exception.py", 
line 55, in inner
    response = get_response(request)
  File "C:\Users\ONE GOD\AppData\Local\Programs\Python\Python314\Lib\site-packages\django\utils\deprecation.py", line 
134, in __call__
    response = response or self.get_response(request)
                           ~~~~~~~~~~~~~~~~~^^^^^^^^^
  File "C:\Users\ONE GOD\AppData\Local\Programs\Python\Python314\Lib\site-packages\django\core\handlers\exception.py", 
line 57, in inner
    response = response_for_exception(request, exc)
  File "C:\Users\ONE GOD\AppData\Local\Programs\Python\Python314\Lib\site-packages\django\core\handlers\exception.py", 
line 144, in response_for_exception
    log_response(
    ~~~~~~~~~~~~^
        "%s: %s",
        ^^^^^^^^^
    ...<4 lines>...
        exception=exc,
        ^^^^^^^^^^^^^^
    )
    ^
  File "C:\Users\ONE GOD\AppData\Local\Programs\Python\Python314\Lib\site-packages\django\utils\log.py", line 246, in 
log_response
    getattr(logger, level)(
    ~~~~~~~~~~~~~~~~~~~~~~^
        message,
        ^^^^^^^^
    ...<5 lines>...
        exc_info=exception,
        ^^^^^^^^^^^^^^^^^^^
    )
    ^
  File "C:\Users\ONE GOD\AppData\Local\Programs\Python\Python314\Lib\logging\__init__.py", line 1549, in error
    self._log(ERROR, msg, args, **kwargs)
    ~~~~~~~~~^^^^^^^^^^^^^^^^^^^^^^^^^^^^
  File "C:\Users\ONE GOD\AppData\Local\Programs\Python\Python314\Lib\logging\__init__.py", line 1665, in _log
    self.handle(record)
    ~~~~~~~~~~~^^^^^^^^
  File "C:\Users\ONE GOD\AppData\Local\Programs\Python\Python314\Lib\logging\__init__.py", line 1681, in handle
    self.callHandlers(record)
    ~~~~~~~~~~~~~~~~~^^^^^^^^
  File "C:\Users\ONE GOD\AppData\Local\Programs\Python\Python314\Lib\logging\__init__.py", line 1737, in callHandlers
    hdlr.handle(record)
    ~~~~~~~~~~~^^^^^^^^
  File "C:\Users\ONE GOD\AppData\Local\Programs\Python\Python314\Lib\logging\__init__.py", line 1027, in handle
    self.emit(record)
    ~~~~~~~~~^^^^^^^^
  File "C:\Users\ONE GOD\AppData\Local\Programs\Python\Python314\Lib\site-packages\django\utils\log.py", line 125, in 
emit
    reporter.get_traceback_text(),
    ~~~~~~~~~~~~~~~~~~~~~~~~~~~^^
  File "C:\Users\ONE GOD\AppData\Local\Programs\Python\Python314\Lib\site-packages\django\views\debug.py", line 418, 
in get_traceback_text
    return t.render(c)
           ~~~~~~~~^^^
  File "C:\Users\ONE GOD\AppData\Local\Programs\Python\Python314\Lib\site-packages\django\template\base.py", line 175, 
in render
    return self._render(context)
           ~~~~~~~~~~~~^^^^^^^^^
  File "C:\Users\ONE GOD\AppData\Local\Programs\Python\Python314\Lib\site-packages\django\test\utils.py", line 111, in 
instrumented_test_render
    template_rendered.send(sender=self, template=self, context=context)
    ~~~~~~~~~~~~~~~~~~~~~~^^^^^^^^^^^^^^^^^^^^^^^^^^^^^^^^^^^^^^^^^^^^^
  File "C:\Users\ONE GOD\AppData\Local\Programs\Python\Python314\Lib\site-packages\django\dispatch\dispatcher.py", 
line 177, in send
    (receiver, receiver(signal=self, sender=sender, **named))
               ~~~~~~~~^^^^^^^^^^^^^^^^^^^^^^^^^^^^^^^^^^^^^
  File "C:\Users\ONE GOD\AppData\Local\Programs\Python\Python314\Lib\site-packages\django\test\client.py", line 267, 
in store_rendered_templates
    store["context"].append(copy(context))
                            ~~~~^^^^^^^^^
  File "C:\Users\ONE GOD\AppData\Local\Programs\Python\Python314\Lib\copy.py", line 82, in copy
    return copier(x)
  File "C:\Users\ONE GOD\AppData\Local\Programs\Python\Python314\Lib\site-packages\django\template\context.py", line 
158, in __copy__
    duplicate = super().__copy__()
  File "C:\Users\ONE GOD\AppData\Local\Programs\Python\Python314\Lib\site-packages\django\template\context.py", line 
39, in __copy__
    duplicate.dicts = self.dicts[:]
    ^^^^^^^^^^^^^^^
AttributeError: 'super' object has no attribute 'dicts' and no __dict__ for setting new attributes

During handling of the above exception, another exception occurred:

Traceback (most recent call last):
  File "C:\Users\ONE GOD\AppData\Local\Programs\Python\Python314\Lib\site-packages\django\core\handlers\exception.py", 
line 55, in inner
    response = get_response(request)
  File "C:\Users\ONE GOD\Desktop\ChurchHub\accounts\middleware.py", line 47, in __call__
    return self.get_response(request)
           ~~~~~~~~~~~~~~~~~^^^^^^^^^
  File "C:\Users\ONE GOD\AppData\Local\Programs\Python\Python314\Lib\site-packages\django\core\handlers\exception.py", 
line 57, in inner
    response = response_for_exception(request, exc)
  File "C:\Users\ONE GOD\AppData\Local\Programs\Python\Python314\Lib\site-packages\django\core\handlers\exception.py", 
line 144, in response_for_exception
    log_response(
    ~~~~~~~~~~~~^
        "%s: %s",
        ^^^^^^^^^
    ...<4 lines>...
        exception=exc,
        ^^^^^^^^^^^^^^
    )
    ^
  File "C:\Users\ONE GOD\AppData\Local\Programs\Python\Python314\Lib\site-packages\django\utils\log.py", line 246, in 
log_response
    getattr(logger, level)(
    ~~~~~~~~~~~~~~~~~~~~~~^
        message,
        ^^^^^^^^
    ...<5 lines>...
        exc_info=exception,
        ^^^^^^^^^^^^^^^^^^^
    )
    ^
  File "C:\Users\ONE GOD\AppData\Local\Programs\Python\Python314\Lib\logging\__init__.py", line 1549, in error
    self._log(ERROR, msg, args, **kwargs)
    ~~~~~~~~~^^^^^^^^^^^^^^^^^^^^^^^^^^^^
  File "C:\Users\ONE GOD\AppData\Local\Programs\Python\Python314\Lib\logging\__init__.py", line 1665, in _log
    self.handle(record)
    ~~~~~~~~~~~^^^^^^^^
  File "C:\Users\ONE GOD\AppData\Local\Programs\Python\Python314\Lib\logging\__init__.py", line 1681, in handle
    self.callHandlers(record)
    ~~~~~~~~~~~~~~~~~^^^^^^^^
  File "C:\Users\ONE GOD\AppData\Local\Programs\Python\Python314\Lib\logging\__init__.py", line 1737, in callHandlers
    hdlr.handle(record)
    ~~~~~~~~~~~^^^^^^^^
  File "C:\Users\ONE GOD\AppData\Local\Programs\Python\Python314\Lib\logging\__init__.py", line 1027, in handle
    self.emit(record)
    ~~~~~~~~~^^^^^^^^
  File "C:\Users\ONE GOD\AppData\Local\Programs\Python\Python314\Lib\site-packages\django\utils\log.py", line 125, in 
emit
    reporter.get_traceback_text(),
    ~~~~~~~~~~~~~~~~~~~~~~~~~~~^^
  File "C:\Users\ONE GOD\AppData\Local\Programs\Python\Python314\Lib\site-packages\django\views\debug.py", line 418, 
in get_traceback_text
    return t.render(c)
           ~~~~~~~~^^^
  File "C:\Users\ONE GOD\AppData\Local\Programs\Python\Python314\Lib\site-packages\django\template\base.py", line 175, 
in render
    return self._render(context)
           ~~~~~~~~~~~~^^^^^^^^^
  File "C:\Users\ONE GOD\AppData\Local\Programs\Python\Python314\Lib\site-packages\django\test\utils.py", line 111, in 
instrumented_test_render
    template_rendered.send(sender=self, template=self, context=context)
    ~~~~~~~~~~~~~~~~~~~~~~^^^^^^^^^^^^^^^^^^^^^^^^^^^^^^^^^^^^^^^^^^^^^
  File "C:\Users\ONE GOD\AppData\Local\Programs\Python\Python314\Lib\site-packages\django\dispatch\dispatcher.py", 
line 177, in send
    (receiver, receiver(signal=self, sender=sender, **named))
               ~~~~~~~~^^^^^^^^^^^^^^^^^^^^^^^^^^^^^^^^^^^^^
  File "C:\Users\ONE GOD\AppData\Local\Programs\Python\Python314\Lib\site-packages\django\test\client.py", line 267, 
in store_rendered_templates
    store["context"].append(copy(context))
                            ~~~~^^^^^^^^^
  File "C:\Users\ONE GOD\AppData\Local\Programs\Python\Python314\Lib\copy.py", line 82, in copy
    return copier(x)
  File "C:\Users\ONE GOD\AppData\Local\Programs\Python\Python314\Lib\site-packages\django\template\context.py", line 
158, in __copy__
    duplicate = super().__copy__()
  File "C:\Users\ONE GOD\AppData\Local\Programs\Python\Python314\Lib\site-packages\django\template\context.py", line 
39, in __copy__
    duplicate.dicts = self.dicts[:]
    ^^^^^^^^^^^^^^^
AttributeError: 'super' object has no attribute 'dicts' and no __dict__ for setting new attributes

During handling of the above exception, another exception occurred:

Traceback (most recent call last):
  File "C:\Users\ONE GOD\AppData\Local\Programs\Python\Python314\Lib\site-packages\django\core\handlers\exception.py", 
line 55, in inner
    response = get_response(request)
  File "C:\Users\ONE GOD\AppData\Local\Programs\Python\Python314\Lib\site-packages\django\utils\deprecation.py", line 
134, in __call__
    response = response or self.get_response(request)
                           ~~~~~~~~~~~~~~~~~^^^^^^^^^
  File "C:\Users\ONE GOD\AppData\Local\Programs\Python\Python314\Lib\site-packages\django\core\handlers\exception.py", 
line 57, in inner
    response = response_for_exception(request, exc)
  File "C:\Users\ONE GOD\AppData\Local\Programs\Python\Python314\Lib\site-packages\django\core\handlers\exception.py", 
line 144, in response_for_exception
    log_response(
    ~~~~~~~~~~~~^
        "%s: %s",
        ^^^^^^^^^
    ...<4 lines>...
        exception=exc,
        ^^^^^^^^^^^^^^
    )
    ^
  File "C:\Users\ONE GOD\AppData\Local\Programs\Python\Python314\Lib\site-packages\django\utils\log.py", line 246, in 
log_response
    getattr(logger, level)(
    ~~~~~~~~~~~~~~~~~~~~~~^
        message,
        ^^^^^^^^
    ...<5 lines>...
        exc_info=exception,
        ^^^^^^^^^^^^^^^^^^^
    )
    ^
  File "C:\Users\ONE GOD\AppData\Local\Programs\Python\Python314\Lib\logging\__init__.py", line 1549, in error
    self._log(ERROR, msg, args, **kwargs)
    ~~~~~~~~~^^^^^^^^^^^^^^^^^^^^^^^^^^^^
  File "C:\Users\ONE GOD\AppData\Local\Programs\Python\Python314\Lib\logging\__init__.py", line 1665, in _log
    self.handle(record)
    ~~~~~~~~~~~^^^^^^^^
  File "C:\Users\ONE GOD\AppData\Local\Programs\Python\Python314\Lib\logging\__init__.py", line 1681, in handle
    self.callHandlers(record)
    ~~~~~~~~~~~~~~~~~^^^^^^^^
  File "C:\Users\ONE GOD\AppData\Local\Programs\Python\Python314\Lib\logging\__init__.py", line 1737, in callHandlers
    hdlr.handle(record)
    ~~~~~~~~~~~^^^^^^^^
  File "C:\Users\ONE GOD\AppData\Local\Programs\Python\Python314\Lib\logging\__init__.py", line 1027, in handle
    self.emit(record)
    ~~~~~~~~~^^^^^^^^
  File "C:\Users\ONE GOD\AppData\Local\Programs\Python\Python314\Lib\site-packages\django\utils\log.py", line 125, in 
emit
    reporter.get_traceback_text(),
    ~~~~~~~~~~~~~~~~~~~~~~~~~~~^^
  File "C:\Users\ONE GOD\AppData\Local\Programs\Python\Python314\Lib\site-packages\django\views\debug.py", line 418, 
in get_traceback_text
    return t.render(c)
           ~~~~~~~~^^^
  File "C:\Users\ONE GOD\AppData\Local\Programs\Python\Python314\Lib\site-packages\django\template\base.py", line 175, 
in render
    return self._render(context)
           ~~~~~~~~~~~~^^^^^^^^^
  File "C:\Users\ONE GOD\AppData\Local\Programs\Python\Python314\Lib\site-packages\django\test\utils.py", line 111, in 
instrumented_test_render
    template_rendered.send(sender=self, template=self, context=context)
    ~~~~~~~~~~~~~~~~~~~~~~^^^^^^^^^^^^^^^^^^^^^^^^^^^^^^^^^^^^^^^^^^^^^
  File "C:\Users\ONE GOD\AppData\Local\Programs\Python\Python314\Lib\site-packages\django\dispatch\dispatcher.py", 
line 177, in send
    (receiver, receiver(signal=self, sender=sender, **named))
               ~~~~~~~~^^^^^^^^^^^^^^^^^^^^^^^^^^^^^^^^^^^^^
  File "C:\Users\ONE GOD\AppData\Local\Programs\Python\Python314\Lib\site-packages\django\test\client.py", line 267, 
in store_rendered_templates
    store["context"].append(copy(context))
                            ~~~~^^^^^^^^^
  File "C:\Users\ONE GOD\AppData\Local\Programs\Python\Python314\Lib\copy.py", line 82, in copy
    return copier(x)
  File "C:\Users\ONE GOD\AppData\Local\Programs\Python\Python314\Lib\site-packages\django\template\context.py", line 
158, in __copy__
    duplicate = super().__copy__()
  File "C:\Users\ONE GOD\AppData\Local\Programs\Python\Python314\Lib\site-packages\django\template\context.py", line 
39, in __copy__
    duplicate.dicts = self.dicts[:]
    ^^^^^^^^^^^^^^^
AttributeError: 'super' object has no attribute 'dicts' and no __dict__ for setting new attributes

During handling of the above exception, another exception occurred:

Traceback (most recent call last):
  File "C:\Users\ONE GOD\AppData\Local\Programs\Python\Python314\Lib\site-packages\django\core\handlers\exception.py", 
line 55, in inner
    response = get_response(request)
  File "C:\Users\ONE GOD\AppData\Local\Programs\Python\Python314\Lib\site-packages\django\utils\deprecation.py", line 
134, in __call__
    response = response or self.get_response(request)
                           ~~~~~~~~~~~~~~~~~^^^^^^^^^
  File "C:\Users\ONE GOD\AppData\Local\Programs\Python\Python314\Lib\site-packages\django\core\handlers\exception.py", 
line 57, in inner
    response = response_for_exception(request, exc)
  File "C:\Users\ONE GOD\AppData\Local\Programs\Python\Python314\Lib\site-packages\django\core\handlers\exception.py", 
line 144, in response_for_exception
    log_response(
    ~~~~~~~~~~~~^
        "%s: %s",
        ^^^^^^^^^
    ...<4 lines>...
        exception=exc,
        ^^^^^^^^^^^^^^
    )
    ^
  File "C:\Users\ONE GOD\AppData\Local\Programs\Python\Python314\Lib\site-packages\django\utils\log.py", line 246, in 
log_response
    getattr(logger, level)(
    ~~~~~~~~~~~~~~~~~~~~~~^
        message,
        ^^^^^^^^
    ...<5 lines>...
        exc_info=exception,
        ^^^^^^^^^^^^^^^^^^^
    )
    ^
  File "C:\Users\ONE GOD\AppData\Local\Programs\Python\Python314\Lib\logging\__init__.py", line 1549, in error
    self._log(ERROR, msg, args, **kwargs)
    ~~~~~~~~~^^^^^^^^^^^^^^^^^^^^^^^^^^^^
  File "C:\Users\ONE GOD\AppData\Local\Programs\Python\Python314\Lib\logging\__init__.py", line 1665, in _log
    self.handle(record)
    ~~~~~~~~~~~^^^^^^^^
  File "C:\Users\ONE GOD\AppData\Local\Programs\Python\Python314\Lib\logging\__init__.py", line 1681, in handle
    self.callHandlers(record)
    ~~~~~~~~~~~~~~~~~^^^^^^^^
  File "C:\Users\ONE GOD\AppData\Local\Programs\Python\Python314\Lib\logging\__init__.py", line 1737, in callHandlers
    hdlr.handle(record)
    ~~~~~~~~~~~^^^^^^^^
  File "C:\Users\ONE GOD\AppData\Local\Programs\Python\Python314\Lib\logging\__init__.py", line 1027, in handle
    self.emit(record)
    ~~~~~~~~~^^^^^^^^
  File "C:\Users\ONE GOD\AppData\Local\Programs\Python\Python314\Lib\site-packages\django\utils\log.py", line 125, in 
emit
    reporter.get_traceback_text(),
    ~~~~~~~~~~~~~~~~~~~~~~~~~~~^^
  File "C:\Users\ONE GOD\AppData\Local\Programs\Python\Python314\Lib\site-packages\django\views\debug.py", line 418, 
in get_traceback_text
    return t.render(c)
           ~~~~~~~~^^^
  File "C:\Users\ONE GOD\AppData\Local\Programs\Python\Python314\Lib\site-packages\django\template\base.py", line 175, 
in render
    return self._render(context)
           ~~~~~~~~~~~~^^^^^^^^^
  File "C:\Users\ONE GOD\AppData\Local\Programs\Python\Python314\Lib\site-packages\django\test\utils.py", line 111, in 
instrumented_test_render
    template_rendered.send(sender=self, template=self, context=context)
    ~~~~~~~~~~~~~~~~~~~~~~^^^^^^^^^^^^^^^^^^^^^^^^^^^^^^^^^^^^^^^^^^^^^
  File "C:\Users\ONE GOD\AppData\Local\Programs\Python\Python314\Lib\site-packages\django\dispatch\dispatcher.py", 
line 177, in send
    (receiver, receiver(signal=self, sender=sender, **named))
               ~~~~~~~~^^^^^^^^^^^^^^^^^^^^^^^^^^^^^^^^^^^^^
  File "C:\Users\ONE GOD\AppData\Local\Programs\Python\Python314\Lib\site-packages\django\test\client.py", line 267, 
in store_rendered_templates
    store["context"].append(copy(context))
                            ~~~~^^^^^^^^^
  File "C:\Users\ONE GOD\AppData\Local\Programs\Python\Python314\Lib\copy.py", line 82, in copy
    return copier(x)
  File "C:\Users\ONE GOD\AppData\Local\Programs\Python\Python314\Lib\site-packages\django\template\context.py", line 
158, in __copy__
    duplicate = super().__copy__()
  File "C:\Users\ONE GOD\AppData\Local\Programs\Python\Python314\Lib\site-packages\django\template\context.py", line 
39, in __copy__
    duplicate.dicts = self.dicts[:]
    ^^^^^^^^^^^^^^^
AttributeError: 'super' object has no attribute 'dicts' and no __dict__ for setting new attributes

During handling of the above exception, another exception occurred:

Traceback (most recent call last):
  File "C:\Users\ONE GOD\AppData\Local\Programs\Python\Python314\Lib\site-packages\django\core\handlers\exception.py", 
line 55, in inner
    response = get_response(request)
  File "C:\Users\ONE GOD\AppData\Local\Programs\Python\Python314\Lib\site-packages\django\utils\deprecation.py", line 
134, in __call__
    response = response or self.get_response(request)
                           ~~~~~~~~~~~~~~~~~^^^^^^^^^
  File "C:\Users\ONE GOD\AppData\Local\Programs\Python\Python314\Lib\site-packages\django\core\handlers\exception.py", 
line 57, in inner
    response = response_for_exception(request, exc)
  File "C:\Users\ONE GOD\AppData\Local\Programs\Python\Python314\Lib\site-packages\django\core\handlers\exception.py", 
line 144, in response_for_exception
    log_response(
    ~~~~~~~~~~~~^
        "%s: %s",
        ^^^^^^^^^
    ...<4 lines>...
        exception=exc,
        ^^^^^^^^^^^^^^
    )
    ^
  File "C:\Users\ONE GOD\AppData\Local\Programs\Python\Python314\Lib\site-packages\django\utils\log.py", line 246, in 
log_response
    getattr(logger, level)(
    ~~~~~~~~~~~~~~~~~~~~~~^
        message,
        ^^^^^^^^
    ...<5 lines>...
        exc_info=exception,
        ^^^^^^^^^^^^^^^^^^^
    )
    ^
  File "C:\Users\ONE GOD\AppData\Local\Programs\Python\Python314\Lib\logging\__init__.py", line 1549, in error
    self._log(ERROR, msg, args, **kwargs)
    ~~~~~~~~~^^^^^^^^^^^^^^^^^^^^^^^^^^^^
  File "C:\Users\ONE GOD\AppData\Local\Programs\Python\Python314\Lib\logging\__init__.py", line 1665, in _log
    self.handle(record)
    ~~~~~~~~~~~^^^^^^^^
  File "C:\Users\ONE GOD\AppData\Local\Programs\Python\Python314\Lib\logging\__init__.py", line 1681, in handle
    self.callHandlers(record)
    ~~~~~~~~~~~~~~~~~^^^^^^^^
  File "C:\Users\ONE GOD\AppData\Local\Programs\Python\Python314\Lib\logging\__init__.py", line 1737, in callHandlers
    hdlr.handle(record)
    ~~~~~~~~~~~^^^^^^^^
  File "C:\Users\ONE GOD\AppData\Local\Programs\Python\Python314\Lib\logging\__init__.py", line 1027, in handle
    self.emit(record)
    ~~~~~~~~~^^^^^^^^
  File "C:\Users\ONE GOD\AppData\Local\Programs\Python\Python314\Lib\site-packages\django\utils\log.py", line 125, in 
emit
    reporter.get_traceback_text(),
    ~~~~~~~~~~~~~~~~~~~~~~~~~~~^^
  File "C:\Users\ONE GOD\AppData\Local\Programs\Python\Python314\Lib\site-packages\django\views\debug.py", line 418, 
in get_traceback_text
    return t.render(c)
           ~~~~~~~~^^^
  File "C:\Users\ONE GOD\AppData\Local\Programs\Python\Python314\Lib\site-packages\django\template\base.py", line 175, 
in render
    return self._render(context)
           ~~~~~~~~~~~~^^^^^^^^^
  File "C:\Users\ONE GOD\AppData\Local\Programs\Python\Python314\Lib\site-packages\django\test\utils.py", line 111, in 
instrumented_test_render
    template_rendered.send(sender=self, template=self, context=context)
    ~~~~~~~~~~~~~~~~~~~~~~^^^^^^^^^^^^^^^^^^^^^^^^^^^^^^^^^^^^^^^^^^^^^
  File "C:\Users\ONE GOD\AppData\Local\Programs\Python\Python314\Lib\site-packages\django\dispatch\dispatcher.py", 
line 177, in send
    (receiver, receiver(signal=self, sender=sender, **named))
               ~~~~~~~~^^^^^^^^^^^^^^^^^^^^^^^^^^^^^^^^^^^^^
  File "C:\Users\ONE GOD\AppData\Local\Programs\Python\Python314\Lib\site-packages\django\test\client.py", line 267, 
in store_rendered_templates
    store["context"].append(copy(context))
                            ~~~~^^^^^^^^^
  File "C:\Users\ONE GOD\AppData\Local\Programs\Python\Python314\Lib\copy.py", line 82, in copy
    return copier(x)
  File "C:\Users\ONE GOD\AppData\Local\Programs\Python\Python314\Lib\site-packages\django\template\context.py", line 
158, in __copy__
    duplicate = super().__copy__()
  File "C:\Users\ONE GOD\AppData\Local\Programs\Python\Python314\Lib\site-packages\django\template\context.py", line 
39, in __copy__
    duplicate.dicts = self.dicts[:]
    ^^^^^^^^^^^^^^^
AttributeError: 'super' object has no attribute 'dicts' and no __dict__ for setting new attributes

During handling of the above exception, another exception occurred:

Traceback (most recent call last):
  File "C:\Users\ONE GOD\AppData\Local\Programs\Python\Python314\Lib\site-packages\django\core\handlers\exception.py", 
line 55, in inner
    response = get_response(request)
  File "C:\Users\ONE GOD\AppData\Local\Programs\Python\Python314\Lib\site-packages\django\utils\deprecation.py", line 
134, in __call__
    response = response or self.get_response(request)
                           ~~~~~~~~~~~~~~~~~^^^^^^^^^
  File "C:\Users\ONE GOD\AppData\Local\Programs\Python\Python314\Lib\site-packages\django\core\handlers\exception.py", 
line 57, in inner
    response = response_for_exception(request, exc)
  File "C:\Users\ONE GOD\AppData\Local\Programs\Python\Python314\Lib\site-packages\django\core\handlers\exception.py", 
line 144, in response_for_exception
    log_response(
    ~~~~~~~~~~~~^
        "%s: %s",
        ^^^^^^^^^
    ...<4 lines>...
        exception=exc,
        ^^^^^^^^^^^^^^
    )
    ^
  File "C:\Users\ONE GOD\AppData\Local\Programs\Python\Python314\Lib\site-packages\django\utils\log.py", line 246, in 
log_response
    getattr(logger, level)(
    ~~~~~~~~~~~~~~~~~~~~~~^
        message,
        ^^^^^^^^
    ...<5 lines>...
        exc_info=exception,
        ^^^^^^^^^^^^^^^^^^^
    )
    ^
  File "C:\Users\ONE GOD\AppData\Local\Programs\Python\Python314\Lib\logging\__init__.py", line 1549, in error
    self._log(ERROR, msg, args, **kwargs)
    ~~~~~~~~~^^^^^^^^^^^^^^^^^^^^^^^^^^^^
  File "C:\Users\ONE GOD\AppData\Local\Programs\Python\Python314\Lib\logging\__init__.py", line 1665, in _log
    self.handle(record)
    ~~~~~~~~~~~^^^^^^^^
  File "C:\Users\ONE GOD\AppData\Local\Programs\Python\Python314\Lib\logging\__init__.py", line 1681, in handle
    self.callHandlers(record)
    ~~~~~~~~~~~~~~~~~^^^^^^^^
  File "C:\Users\ONE GOD\AppData\Local\Programs\Python\Python314\Lib\logging\__init__.py", line 1737, in callHandlers
    hdlr.handle(record)
    ~~~~~~~~~~~^^^^^^^^
  File "C:\Users\ONE GOD\AppData\Local\Programs\Python\Python314\Lib\logging\__init__.py", line 1027, in handle
    self.emit(record)
    ~~~~~~~~~^^^^^^^^
  File "C:\Users\ONE GOD\AppData\Local\Programs\Python\Python314\Lib\site-packages\django\utils\log.py", line 125, in 
emit
    reporter.get_traceback_text(),
    ~~~~~~~~~~~~~~~~~~~~~~~~~~~^^
  File "C:\Users\ONE GOD\AppData\Local\Programs\Python\Python314\Lib\site-packages\django\views\debug.py", line 418, 
in get_traceback_text
    return t.render(c)
           ~~~~~~~~^^^
  File "C:\Users\ONE GOD\AppData\Local\Programs\Python\Python314\Lib\site-packages\django\template\base.py", line 175, 
in render
    return self._render(context)
           ~~~~~~~~~~~~^^^^^^^^^
  File "C:\Users\ONE GOD\AppData\Local\Programs\Python\Python314\Lib\site-packages\django\test\utils.py", line 111, in 
instrumented_test_render
    template_rendered.send(sender=self, template=self, context=context)
    ~~~~~~~~~~~~~~~~~~~~~~^^^^^^^^^^^^^^^^^^^^^^^^^^^^^^^^^^^^^^^^^^^^^
  File "C:\Users\ONE GOD\AppData\Local\Programs\Python\Python314\Lib\site-packages\django\dispatch\dispatcher.py", 
line 177, in send
    (receiver, receiver(signal=self, sender=sender, **named))
               ~~~~~~~~^^^^^^^^^^^^^^^^^^^^^^^^^^^^^^^^^^^^^
  File "C:\Users\ONE GOD\AppData\Local\Programs\Python\Python314\Lib\site-packages\django\test\client.py", line 267, 
in store_rendered_templates
    store["context"].append(copy(context))
                            ~~~~^^^^^^^^^
  File "C:\Users\ONE GOD\AppData\Local\Programs\Python\Python314\Lib\copy.py", line 82, in copy
    return copier(x)
  File "C:\Users\ONE GOD\AppData\Local\Programs\Python\Python314\Lib\site-packages\django\template\context.py", line 
158, in __copy__
    duplicate = super().__copy__()
  File "C:\Users\ONE GOD\AppData\Local\Programs\Python\Python314\Lib\site-packages\django\template\context.py", line 
39, in __copy__
    duplicate.dicts = self.dicts[:]
    ^^^^^^^^^^^^^^^
AttributeError: 'super' object has no attribute 'dicts' and no __dict__ for setting new attributes

During handling of the above exception, another exception occurred:

Traceback (most recent call last):
  File "C:\Users\ONE GOD\AppData\Local\Programs\Python\Python314\Lib\site-packages\django\core\handlers\exception.py", 
line 55, in inner
    response = get_response(request)
  File "C:\Users\ONE GOD\AppData\Local\Programs\Python\Python314\Lib\site-packages\django\utils\deprecation.py", line 
134, in __call__
    response = response or self.get_response(request)
                           ~~~~~~~~~~~~~~~~~^^^^^^^^^
  File "C:\Users\ONE GOD\AppData\Local\Programs\Python\Python314\Lib\site-packages\django\core\handlers\exception.py", 
line 57, in inner
    response = response_for_exception(request, exc)
  File "C:\Users\ONE GOD\AppData\Local\Programs\Python\Python314\Lib\site-packages\django\core\handlers\exception.py", 
line 144, in response_for_exception
    log_response(
    ~~~~~~~~~~~~^
        "%s: %s",
        ^^^^^^^^^
    ...<4 lines>...
        exception=exc,
        ^^^^^^^^^^^^^^
    )
    ^
  File "C:\Users\ONE GOD\AppData\Local\Programs\Python\Python314\Lib\site-packages\django\utils\log.py", line 246, in 
log_response
    getattr(logger, level)(
    ~~~~~~~~~~~~~~~~~~~~~~^
        message,
        ^^^^^^^^
    ...<5 lines>...
        exc_info=exception,
        ^^^^^^^^^^^^^^^^^^^
    )
    ^
  File "C:\Users\ONE GOD\AppData\Local\Programs\Python\Python314\Lib\logging\__init__.py", line 1549, in error
    self._log(ERROR, msg, args, **kwargs)
    ~~~~~~~~~^^^^^^^^^^^^^^^^^^^^^^^^^^^^
  File "C:\Users\ONE GOD\AppData\Local\Programs\Python\Python314\Lib\logging\__init__.py", line 1665, in _log
    self.handle(record)
    ~~~~~~~~~~~^^^^^^^^
  File "C:\Users\ONE GOD\AppData\Local\Programs\Python\Python314\Lib\logging\__init__.py", line 1681, in handle
    self.callHandlers(record)
    ~~~~~~~~~~~~~~~~~^^^^^^^^
  File "C:\Users\ONE GOD\AppData\Local\Programs\Python\Python314\Lib\logging\__init__.py", line 1737, in callHandlers
    hdlr.handle(record)
    ~~~~~~~~~~~^^^^^^^^
  File "C:\Users\ONE GOD\AppData\Local\Programs\Python\Python314\Lib\logging\__init__.py", line 1027, in handle
    self.emit(record)
    ~~~~~~~~~^^^^^^^^
  File "C:\Users\ONE GOD\AppData\Local\Programs\Python\Python314\Lib\site-packages\django\utils\log.py", line 125, in 
emit
    reporter.get_traceback_text(),
    ~~~~~~~~~~~~~~~~~~~~~~~~~~~^^
  File "C:\Users\ONE GOD\AppData\Local\Programs\Python\Python314\Lib\site-packages\django\views\debug.py", line 418, 
in get_traceback_text
    return t.render(c)
           ~~~~~~~~^^^
  File "C:\Users\ONE GOD\AppData\Local\Programs\Python\Python314\Lib\site-packages\django\template\base.py", line 175, 
in render
    return self._render(context)
           ~~~~~~~~~~~~^^^^^^^^^
  File "C:\Users\ONE GOD\AppData\Local\Programs\Python\Python314\Lib\site-packages\django\test\utils.py", line 111, in 
instrumented_test_render
    template_rendered.send(sender=self, template=self, context=context)
    ~~~~~~~~~~~~~~~~~~~~~~^^^^^^^^^^^^^^^^^^^^^^^^^^^^^^^^^^^^^^^^^^^^^
  File "C:\Users\ONE GOD\AppData\Local\Programs\Python\Python314\Lib\site-packages\django\dispatch\dispatcher.py", 
line 177, in send
    (receiver, receiver(signal=self, sender=sender, **named))
               ~~~~~~~~^^^^^^^^^^^^^^^^^^^^^^^^^^^^^^^^^^^^^
  File "C:\Users\ONE GOD\AppData\Local\Programs\Python\Python314\Lib\site-packages\django\test\client.py", line 267, 
in store_rendered_templates
    store["context"].append(copy(context))
                            ~~~~^^^^^^^^^
  File "C:\Users\ONE GOD\AppData\Local\Programs\Python\Python314\Lib\copy.py", line 82, in copy
    return copier(x)
  File "C:\Users\ONE GOD\AppData\Local\Programs\Python\Python314\Lib\site-packages\django\template\context.py", line 
158, in __copy__
    duplicate = super().__copy__()
  File "C:\Users\ONE GOD\AppData\Local\Programs\Python\Python314\Lib\site-packages\django\template\context.py", line 
39, in __copy__
    duplicate.dicts = self.dicts[:]
    ^^^^^^^^^^^^^^^
AttributeError: 'super' object has no attribute 'dicts' and no __dict__ for setting new attributes

During handling of the above exception, another exception occurred:

Traceback (most recent call last):
  File "C:\Users\ONE GOD\Desktop\ChurchHub\accounts\tests.py", line 352, in test_profile_exempt_from_church_requirement
    response = client.get(reverse("accounts:profile"))
  File "C:\Users\ONE GOD\AppData\Local\Programs\Python\Python314\Lib\site-packages\django\test\client.py", line 930, 
in get
    response = super().get(path, data=data, secure=secure, headers=headers, **extra)
  File "C:\Users\ONE GOD\AppData\Local\Programs\Python\Python314\Lib\site-packages\django\test\client.py", line 457, 
in get
    return self.generic(
           ~~~~~~~~~~~~^
        "GET",
        ^^^^^^
    ...<6 lines>...
        },
        ^^
    )
    ^
  File "C:\Users\ONE GOD\AppData\Local\Programs\Python\Python314\Lib\site-packages\django\test\client.py", line 609, 
in generic
    return self.request(**r)
           ~~~~~~~~~~~~^^^^^
  File "C:\Users\ONE GOD\AppData\Local\Programs\Python\Python314\Lib\site-packages\django\test\client.py", line 889, 
in request
    response = self.handler(environ)
  File "C:\Users\ONE GOD\AppData\Local\Programs\Python\Python314\Lib\site-packages\django\test\client.py", line 176, 
in __call__
    response = self.get_response(request)
  File "C:\Users\ONE GOD\AppData\Local\Programs\Python\Python314\Lib\site-packages\django\core\handlers\base.py", line 
140, in get_response
    response = self._middleware_chain(request)
  File "C:\Users\ONE GOD\AppData\Local\Programs\Python\Python314\Lib\site-packages\django\core\handlers\exception.py", 
line 57, in inner
    response = response_for_exception(request, exc)
  File "C:\Users\ONE GOD\AppData\Local\Programs\Python\Python314\Lib\site-packages\django\core\handlers\exception.py", 
line 144, in response_for_exception
    log_response(
    ~~~~~~~~~~~~^
        "%s: %s",
        ^^^^^^^^^
    ...<4 lines>...
        exception=exc,
        ^^^^^^^^^^^^^^
    )
    ^
  File "C:\Users\ONE GOD\AppData\Local\Programs\Python\Python314\Lib\site-packages\django\utils\log.py", line 246, in 
log_response
    getattr(logger, level)(
    ~~~~~~~~~~~~~~~~~~~~~~^
        message,
        ^^^^^^^^
    ...<5 lines>...
        exc_info=exception,
        ^^^^^^^^^^^^^^^^^^^
    )
    ^
  File "C:\Users\ONE GOD\AppData\Local\Programs\Python\Python314\Lib\logging\__init__.py", line 1549, in error
    self._log(ERROR, msg, args, **kwargs)
    ~~~~~~~~~^^^^^^^^^^^^^^^^^^^^^^^^^^^^
  File "C:\Users\ONE GOD\AppData\Local\Programs\Python\Python314\Lib\logging\__init__.py", line 1665, in _log
    self.handle(record)
    ~~~~~~~~~~~^^^^^^^^
  File "C:\Users\ONE GOD\AppData\Local\Programs\Python\Python314\Lib\logging\__init__.py", line 1681, in handle
    self.callHandlers(record)
    ~~~~~~~~~~~~~~~~~^^^^^^^^
  File "C:\Users\ONE GOD\AppData\Local\Programs\Python\Python314\Lib\logging\__init__.py", line 1737, in callHandlers
    hdlr.handle(record)
    ~~~~~~~~~~~^^^^^^^^
  File "C:\Users\ONE GOD\AppData\Local\Programs\Python\Python314\Lib\logging\__init__.py", line 1027, in handle
    self.emit(record)
    ~~~~~~~~~^^^^^^^^
  File "C:\Users\ONE GOD\AppData\Local\Programs\Python\Python314\Lib\site-packages\django\utils\log.py", line 125, in 
emit
    reporter.get_traceback_text(),
    ~~~~~~~~~~~~~~~~~~~~~~~~~~~^^
  File "C:\Users\ONE GOD\AppData\Local\Programs\Python\Python314\Lib\site-packages\django\views\debug.py", line 418, 
in get_traceback_text
    return t.render(c)
           ~~~~~~~~^^^
  File "C:\Users\ONE GOD\AppData\Local\Programs\Python\Python314\Lib\site-packages\django\template\base.py", line 175, 
in render
    return self._render(context)
           ~~~~~~~~~~~~^^^^^^^^^
  File "C:\Users\ONE GOD\AppData\Local\Programs\Python\Python314\Lib\site-packages\django\test\utils.py", line 111, in 
instrumented_test_render
    template_rendered.send(sender=self, template=self, context=context)
    ~~~~~~~~~~~~~~~~~~~~~~^^^^^^^^^^^^^^^^^^^^^^^^^^^^^^^^^^^^^^^^^^^^^
  File "C:\Users\ONE GOD\AppData\Local\Programs\Python\Python314\Lib\site-packages\django\dispatch\dispatcher.py", 
line 177, in send
    (receiver, receiver(signal=self, sender=sender, **named))
               ~~~~~~~~^^^^^^^^^^^^^^^^^^^^^^^^^^^^^^^^^^^^^
  File "C:\Users\ONE GOD\AppData\Local\Programs\Python\Python314\Lib\site-packages\django\test\client.py", line 267, 
in store_rendered_templates
    store["context"].append(copy(context))
                            ~~~~^^^^^^^^^
  File "C:\Users\ONE GOD\AppData\Local\Programs\Python\Python314\Lib\copy.py", line 82, in copy
    return copier(x)
  File "C:\Users\ONE GOD\AppData\Local\Programs\Python\Python314\Lib\site-packages\django\template\context.py", line 
158, in __copy__
    duplicate = super().__copy__()
  File "C:\Users\ONE GOD\AppData\Local\Programs\Python\Python314\Lib\site-packages\django\template\context.py", line 
39, in __copy__
    duplicate.dicts = self.dicts[:]
    ^^^^^^^^^^^^^^^
AttributeError: 'super' object has no attribute 'dicts' and no __dict__ for setting new attributes

======================================================================
ERROR: test_unassigned_local_role_redirected_to_profile 
(accounts.tests.MiddlewareTests.test_unassigned_local_role_redirected_to_profile)
----------------------------------------------------------------------
Traceback (most recent call last):
  File "C:\Users\ONE GOD\AppData\Local\Programs\Python\Python314\Lib\site-packages\django\contrib\messages\api.py", 
line 27, in add_message
    messages = request._messages
               ^^^^^^^^^^^^^^^^^
AttributeError: 'WSGIRequest' object has no attribute '_messages'

During handling of the above exception, another exception occurred:

Traceback (most recent call last):
  File "C:\Users\ONE GOD\AppData\Local\Programs\Python\Python314\Lib\site-packages\django\core\handlers\exception.py", 
line 55, in inner
    response = get_response(request)
  File "C:\Users\ONE GOD\Desktop\ChurchHub\accounts\middleware.py", line 42, in __call__
    messages.warning(
    ~~~~~~~~~~~~~~~~^
        request,
        ^^^^^^^^
        "Your account is not assigned to a church. Contact an administrator.",
        ^^^^^^^^^^^^^^^^^^^^^^^^^^^^^^^^^^^^^^^^^^^^^^^^^^^^^^^^^^^^^^^^^^^^^^
    )
    ^
  File "C:\Users\ONE GOD\AppData\Local\Programs\Python\Python314\Lib\site-packages\django\contrib\messages\api.py", 
line 110, in warning
    add_message(
    ~~~~~~~~~~~^
        request,
        ^^^^^^^^
    ...<3 lines>...
        fail_silently=fail_silently,
        ^^^^^^^^^^^^^^^^^^^^^^^^^^^^
    )
    ^
  File "C:\Users\ONE GOD\AppData\Local\Programs\Python\Python314\Lib\site-packages\django\contrib\messages\api.py", 
line 35, in add_message
    raise MessageFailure(
    ...<2 lines>...
    )
django.contrib.messages.api.MessageFailure: You cannot add messages without installing 
django.contrib.messages.middleware.MessageMiddleware

During handling of the above exception, another exception occurred:

Traceback (most recent call last):
  File "C:\Users\ONE GOD\AppData\Local\Programs\Python\Python314\Lib\site-packages\django\core\handlers\exception.py", 
line 55, in inner
    response = get_response(request)
  File "C:\Users\ONE GOD\AppData\Local\Programs\Python\Python314\Lib\site-packages\django\utils\deprecation.py", line 
134, in __call__
    response = response or self.get_response(request)
                           ~~~~~~~~~~~~~~~~~^^^^^^^^^
  File "C:\Users\ONE GOD\AppData\Local\Programs\Python\Python314\Lib\site-packages\django\core\handlers\exception.py", 
line 57, in inner
    response = response_for_exception(request, exc)
  File "C:\Users\ONE GOD\AppData\Local\Programs\Python\Python314\Lib\site-packages\django\core\handlers\exception.py", 
line 144, in response_for_exception
    log_response(
    ~~~~~~~~~~~~^
        "%s: %s",
        ^^^^^^^^^
    ...<4 lines>...
        exception=exc,
        ^^^^^^^^^^^^^^
    )
    ^
  File "C:\Users\ONE GOD\AppData\Local\Programs\Python\Python314\Lib\site-packages\django\utils\log.py", line 246, in 
log_response
    getattr(logger, level)(
    ~~~~~~~~~~~~~~~~~~~~~~^
        message,
        ^^^^^^^^
    ...<5 lines>...
        exc_info=exception,
        ^^^^^^^^^^^^^^^^^^^
    )
    ^
  File "C:\Users\ONE GOD\AppData\Local\Programs\Python\Python314\Lib\logging\__init__.py", line 1549, in error
    self._log(ERROR, msg, args, **kwargs)
    ~~~~~~~~~^^^^^^^^^^^^^^^^^^^^^^^^^^^^
  File "C:\Users\ONE GOD\AppData\Local\Programs\Python\Python314\Lib\logging\__init__.py", line 1665, in _log
    self.handle(record)
    ~~~~~~~~~~~^^^^^^^^
  File "C:\Users\ONE GOD\AppData\Local\Programs\Python\Python314\Lib\logging\__init__.py", line 1681, in handle
    self.callHandlers(record)
    ~~~~~~~~~~~~~~~~~^^^^^^^^
  File "C:\Users\ONE GOD\AppData\Local\Programs\Python\Python314\Lib\logging\__init__.py", line 1737, in callHandlers
    hdlr.handle(record)
    ~~~~~~~~~~~^^^^^^^^
  File "C:\Users\ONE GOD\AppData\Local\Programs\Python\Python314\Lib\logging\__init__.py", line 1027, in handle
    self.emit(record)
    ~~~~~~~~~^^^^^^^^
  File "C:\Users\ONE GOD\AppData\Local\Programs\Python\Python314\Lib\site-packages\django\utils\log.py", line 125, in 
emit
    reporter.get_traceback_text(),
    ~~~~~~~~~~~~~~~~~~~~~~~~~~~^^
  File "C:\Users\ONE GOD\AppData\Local\Programs\Python\Python314\Lib\site-packages\django\views\debug.py", line 418, 
in get_traceback_text
    return t.render(c)
           ~~~~~~~~^^^
  File "C:\Users\ONE GOD\AppData\Local\Programs\Python\Python314\Lib\site-packages\django\template\base.py", line 175, 
in render
    return self._render(context)
           ~~~~~~~~~~~~^^^^^^^^^
  File "C:\Users\ONE GOD\AppData\Local\Programs\Python\Python314\Lib\site-packages\django\test\utils.py", line 111, in 
instrumented_test_render
    template_rendered.send(sender=self, template=self, context=context)
    ~~~~~~~~~~~~~~~~~~~~~~^^^^^^^^^^^^^^^^^^^^^^^^^^^^^^^^^^^^^^^^^^^^^
  File "C:\Users\ONE GOD\AppData\Local\Programs\Python\Python314\Lib\site-packages\django\dispatch\dispatcher.py", 
line 177, in send
    (receiver, receiver(signal=self, sender=sender, **named))
               ~~~~~~~~^^^^^^^^^^^^^^^^^^^^^^^^^^^^^^^^^^^^^
  File "C:\Users\ONE GOD\AppData\Local\Programs\Python\Python314\Lib\site-packages\django\test\client.py", line 267, 
in store_rendered_templates
    store["context"].append(copy(context))
                            ~~~~^^^^^^^^^
  File "C:\Users\ONE GOD\AppData\Local\Programs\Python\Python314\Lib\copy.py", line 82, in copy
    return copier(x)
  File "C:\Users\ONE GOD\AppData\Local\Programs\Python\Python314\Lib\site-packages\django\template\context.py", line 
158, in __copy__
    duplicate = super().__copy__()
  File "C:\Users\ONE GOD\AppData\Local\Programs\Python\Python314\Lib\site-packages\django\template\context.py", line 
39, in __copy__
    duplicate.dicts = self.dicts[:]
    ^^^^^^^^^^^^^^^
AttributeError: 'super' object has no attribute 'dicts' and no __dict__ for setting new attributes

During handling of the above exception, another exception occurred:

Traceback (most recent call last):
  File "C:\Users\ONE GOD\AppData\Local\Programs\Python\Python314\Lib\site-packages\django\core\handlers\exception.py", 
line 55, in inner
    response = get_response(request)
  File "C:\Users\ONE GOD\AppData\Local\Programs\Python\Python314\Lib\site-packages\django\utils\deprecation.py", line 
134, in __call__
    response = response or self.get_response(request)
                           ~~~~~~~~~~~~~~~~~^^^^^^^^^
  File "C:\Users\ONE GOD\AppData\Local\Programs\Python\Python314\Lib\site-packages\django\core\handlers\exception.py", 
line 57, in inner
    response = response_for_exception(request, exc)
  File "C:\Users\ONE GOD\AppData\Local\Programs\Python\Python314\Lib\site-packages\django\core\handlers\exception.py", 
line 144, in response_for_exception
    log_response(
    ~~~~~~~~~~~~^
        "%s: %s",
        ^^^^^^^^^
    ...<4 lines>...
        exception=exc,
        ^^^^^^^^^^^^^^
    )
    ^
  File "C:\Users\ONE GOD\AppData\Local\Programs\Python\Python314\Lib\site-packages\django\utils\log.py", line 246, in 
log_response
    getattr(logger, level)(
    ~~~~~~~~~~~~~~~~~~~~~~^
        message,
        ^^^^^^^^
    ...<5 lines>...
        exc_info=exception,
        ^^^^^^^^^^^^^^^^^^^
    )
    ^
  File "C:\Users\ONE GOD\AppData\Local\Programs\Python\Python314\Lib\logging\__init__.py", line 1549, in error
    self._log(ERROR, msg, args, **kwargs)
    ~~~~~~~~~^^^^^^^^^^^^^^^^^^^^^^^^^^^^
  File "C:\Users\ONE GOD\AppData\Local\Programs\Python\Python314\Lib\logging\__init__.py", line 1665, in _log
    self.handle(record)
    ~~~~~~~~~~~^^^^^^^^
  File "C:\Users\ONE GOD\AppData\Local\Programs\Python\Python314\Lib\logging\__init__.py", line 1681, in handle
    self.callHandlers(record)
    ~~~~~~~~~~~~~~~~~^^^^^^^^
  File "C:\Users\ONE GOD\AppData\Local\Programs\Python\Python314\Lib\logging\__init__.py", line 1737, in callHandlers
    hdlr.handle(record)
    ~~~~~~~~~~~^^^^^^^^
  File "C:\Users\ONE GOD\AppData\Local\Programs\Python\Python314\Lib\logging\__init__.py", line 1027, in handle
    self.emit(record)
    ~~~~~~~~~^^^^^^^^
  File "C:\Users\ONE GOD\AppData\Local\Programs\Python\Python314\Lib\site-packages\django\utils\log.py", line 125, in 
emit
    reporter.get_traceback_text(),
    ~~~~~~~~~~~~~~~~~~~~~~~~~~~^^
  File "C:\Users\ONE GOD\AppData\Local\Programs\Python\Python314\Lib\site-packages\django\views\debug.py", line 418, 
in get_traceback_text
    return t.render(c)
           ~~~~~~~~^^^
  File "C:\Users\ONE GOD\AppData\Local\Programs\Python\Python314\Lib\site-packages\django\template\base.py", line 175, 
in render
    return self._render(context)
           ~~~~~~~~~~~~^^^^^^^^^
  File "C:\Users\ONE GOD\AppData\Local\Programs\Python\Python314\Lib\site-packages\django\test\utils.py", line 111, in 
instrumented_test_render
    template_rendered.send(sender=self, template=self, context=context)
    ~~~~~~~~~~~~~~~~~~~~~~^^^^^^^^^^^^^^^^^^^^^^^^^^^^^^^^^^^^^^^^^^^^^
  File "C:\Users\ONE GOD\AppData\Local\Programs\Python\Python314\Lib\site-packages\django\dispatch\dispatcher.py", 
line 177, in send
    (receiver, receiver(signal=self, sender=sender, **named))
               ~~~~~~~~^^^^^^^^^^^^^^^^^^^^^^^^^^^^^^^^^^^^^
  File "C:\Users\ONE GOD\AppData\Local\Programs\Python\Python314\Lib\site-packages\django\test\client.py", line 267, 
in store_rendered_templates
    store["context"].append(copy(context))
                            ~~~~^^^^^^^^^
  File "C:\Users\ONE GOD\AppData\Local\Programs\Python\Python314\Lib\copy.py", line 82, in copy
    return copier(x)
  File "C:\Users\ONE GOD\AppData\Local\Programs\Python\Python314\Lib\site-packages\django\template\context.py", line 
158, in __copy__
    duplicate = super().__copy__()
  File "C:\Users\ONE GOD\AppData\Local\Programs\Python\Python314\Lib\site-packages\django\template\context.py", line 
39, in __copy__
    duplicate.dicts = self.dicts[:]
    ^^^^^^^^^^^^^^^
AttributeError: 'super' object has no attribute 'dicts' and no __dict__ for setting new attributes

During handling of the above exception, another exception occurred:

Traceback (most recent call last):
  File "C:\Users\ONE GOD\AppData\Local\Programs\Python\Python314\Lib\site-packages\django\core\handlers\exception.py", 
line 55, in inner
    response = get_response(request)
  File "C:\Users\ONE GOD\AppData\Local\Programs\Python\Python314\Lib\site-packages\django\utils\deprecation.py", line 
134, in __call__
    response = response or self.get_response(request)
                           ~~~~~~~~~~~~~~~~~^^^^^^^^^
  File "C:\Users\ONE GOD\AppData\Local\Programs\Python\Python314\Lib\site-packages\django\core\handlers\exception.py", 
line 57, in inner
    response = response_for_exception(request, exc)
  File "C:\Users\ONE GOD\AppData\Local\Programs\Python\Python314\Lib\site-packages\django\core\handlers\exception.py", 
line 144, in response_for_exception
    log_response(
    ~~~~~~~~~~~~^
        "%s: %s",
        ^^^^^^^^^
    ...<4 lines>...
        exception=exc,
        ^^^^^^^^^^^^^^
    )
    ^
  File "C:\Users\ONE GOD\AppData\Local\Programs\Python\Python314\Lib\site-packages\django\utils\log.py", line 246, in 
log_response
    getattr(logger, level)(
    ~~~~~~~~~~~~~~~~~~~~~~^
        message,
        ^^^^^^^^
    ...<5 lines>...
        exc_info=exception,
        ^^^^^^^^^^^^^^^^^^^
    )
    ^
  File "C:\Users\ONE GOD\AppData\Local\Programs\Python\Python314\Lib\logging\__init__.py", line 1549, in error
    self._log(ERROR, msg, args, **kwargs)
    ~~~~~~~~~^^^^^^^^^^^^^^^^^^^^^^^^^^^^
  File "C:\Users\ONE GOD\AppData\Local\Programs\Python\Python314\Lib\logging\__init__.py", line 1665, in _log
    self.handle(record)
    ~~~~~~~~~~~^^^^^^^^
  File "C:\Users\ONE GOD\AppData\Local\Programs\Python\Python314\Lib\logging\__init__.py", line 1681, in handle
    self.callHandlers(record)
    ~~~~~~~~~~~~~~~~~^^^^^^^^
  File "C:\Users\ONE GOD\AppData\Local\Programs\Python\Python314\Lib\logging\__init__.py", line 1737, in callHandlers
    hdlr.handle(record)
    ~~~~~~~~~~~^^^^^^^^
  File "C:\Users\ONE GOD\AppData\Local\Programs\Python\Python314\Lib\logging\__init__.py", line 1027, in handle
    self.emit(record)
    ~~~~~~~~~^^^^^^^^
  File "C:\Users\ONE GOD\AppData\Local\Programs\Python\Python314\Lib\site-packages\django\utils\log.py", line 125, in 
emit
    reporter.get_traceback_text(),
    ~~~~~~~~~~~~~~~~~~~~~~~~~~~^^
  File "C:\Users\ONE GOD\AppData\Local\Programs\Python\Python314\Lib\site-packages\django\views\debug.py", line 418, 
in get_traceback_text
    return t.render(c)
           ~~~~~~~~^^^
  File "C:\Users\ONE GOD\AppData\Local\Programs\Python\Python314\Lib\site-packages\django\template\base.py", line 175, 
in render
    return self._render(context)
           ~~~~~~~~~~~~^^^^^^^^^
  File "C:\Users\ONE GOD\AppData\Local\Programs\Python\Python314\Lib\site-packages\django\test\utils.py", line 111, in 
instrumented_test_render
    template_rendered.send(sender=self, template=self, context=context)
    ~~~~~~~~~~~~~~~~~~~~~~^^^^^^^^^^^^^^^^^^^^^^^^^^^^^^^^^^^^^^^^^^^^^
  File "C:\Users\ONE GOD\AppData\Local\Programs\Python\Python314\Lib\site-packages\django\dispatch\dispatcher.py", 
line 177, in send
    (receiver, receiver(signal=self, sender=sender, **named))
               ~~~~~~~~^^^^^^^^^^^^^^^^^^^^^^^^^^^^^^^^^^^^^
  File "C:\Users\ONE GOD\AppData\Local\Programs\Python\Python314\Lib\site-packages\django\test\client.py", line 267, 
in store_rendered_templates
    store["context"].append(copy(context))
                            ~~~~^^^^^^^^^
  File "C:\Users\ONE GOD\AppData\Local\Programs\Python\Python314\Lib\copy.py", line 82, in copy
    return copier(x)
  File "C:\Users\ONE GOD\AppData\Local\Programs\Python\Python314\Lib\site-packages\django\template\context.py", line 
158, in __copy__
    duplicate = super().__copy__()
  File "C:\Users\ONE GOD\AppData\Local\Programs\Python\Python314\Lib\site-packages\django\template\context.py", line 
39, in __copy__
    duplicate.dicts = self.dicts[:]
    ^^^^^^^^^^^^^^^
AttributeError: 'super' object has no attribute 'dicts' and no __dict__ for setting new attributes

During handling of the above exception, another exception occurred:

Traceback (most recent call last):
  File "C:\Users\ONE GOD\AppData\Local\Programs\Python\Python314\Lib\site-packages\django\core\handlers\exception.py", 
line 55, in inner
    response = get_response(request)
  File "C:\Users\ONE GOD\AppData\Local\Programs\Python\Python314\Lib\site-packages\django\utils\deprecation.py", line 
134, in __call__
    response = response or self.get_response(request)
                           ~~~~~~~~~~~~~~~~~^^^^^^^^^
  File "C:\Users\ONE GOD\AppData\Local\Programs\Python\Python314\Lib\site-packages\django\core\handlers\exception.py", 
line 57, in inner
    response = response_for_exception(request, exc)
  File "C:\Users\ONE GOD\AppData\Local\Programs\Python\Python314\Lib\site-packages\django\core\handlers\exception.py", 
line 144, in response_for_exception
    log_response(
    ~~~~~~~~~~~~^
        "%s: %s",
        ^^^^^^^^^
    ...<4 lines>...
        exception=exc,
        ^^^^^^^^^^^^^^
    )
    ^
  File "C:\Users\ONE GOD\AppData\Local\Programs\Python\Python314\Lib\site-packages\django\utils\log.py", line 246, in 
log_response
    getattr(logger, level)(
    ~~~~~~~~~~~~~~~~~~~~~~^
        message,
        ^^^^^^^^
    ...<5 lines>...
        exc_info=exception,
        ^^^^^^^^^^^^^^^^^^^
    )
    ^
  File "C:\Users\ONE GOD\AppData\Local\Programs\Python\Python314\Lib\logging\__init__.py", line 1549, in error
    self._log(ERROR, msg, args, **kwargs)
    ~~~~~~~~~^^^^^^^^^^^^^^^^^^^^^^^^^^^^
  File "C:\Users\ONE GOD\AppData\Local\Programs\Python\Python314\Lib\logging\__init__.py", line 1665, in _log
    self.handle(record)
    ~~~~~~~~~~~^^^^^^^^
  File "C:\Users\ONE GOD\AppData\Local\Programs\Python\Python314\Lib\logging\__init__.py", line 1681, in handle
    self.callHandlers(record)
    ~~~~~~~~~~~~~~~~~^^^^^^^^
  File "C:\Users\ONE GOD\AppData\Local\Programs\Python\Python314\Lib\logging\__init__.py", line 1737, in callHandlers
    hdlr.handle(record)
    ~~~~~~~~~~~^^^^^^^^
  File "C:\Users\ONE GOD\AppData\Local\Programs\Python\Python314\Lib\logging\__init__.py", line 1027, in handle
    self.emit(record)
    ~~~~~~~~~^^^^^^^^
  File "C:\Users\ONE GOD\AppData\Local\Programs\Python\Python314\Lib\site-packages\django\utils\log.py", line 125, in 
emit
    reporter.get_traceback_text(),
    ~~~~~~~~~~~~~~~~~~~~~~~~~~~^^
  File "C:\Users\ONE GOD\AppData\Local\Programs\Python\Python314\Lib\site-packages\django\views\debug.py", line 418, 
in get_traceback_text
    return t.render(c)
           ~~~~~~~~^^^
  File "C:\Users\ONE GOD\AppData\Local\Programs\Python\Python314\Lib\site-packages\django\template\base.py", line 175, 
in render
    return self._render(context)
           ~~~~~~~~~~~~^^^^^^^^^
  File "C:\Users\ONE GOD\AppData\Local\Programs\Python\Python314\Lib\site-packages\django\test\utils.py", line 111, in 
instrumented_test_render
    template_rendered.send(sender=self, template=self, context=context)
    ~~~~~~~~~~~~~~~~~~~~~~^^^^^^^^^^^^^^^^^^^^^^^^^^^^^^^^^^^^^^^^^^^^^
  File "C:\Users\ONE GOD\AppData\Local\Programs\Python\Python314\Lib\site-packages\django\dispatch\dispatcher.py", 
line 177, in send
    (receiver, receiver(signal=self, sender=sender, **named))
               ~~~~~~~~^^^^^^^^^^^^^^^^^^^^^^^^^^^^^^^^^^^^^
  File "C:\Users\ONE GOD\AppData\Local\Programs\Python\Python314\Lib\site-packages\django\test\client.py", line 267, 
in store_rendered_templates
    store["context"].append(copy(context))
                            ~~~~^^^^^^^^^
  File "C:\Users\ONE GOD\AppData\Local\Programs\Python\Python314\Lib\copy.py", line 82, in copy
    return copier(x)
  File "C:\Users\ONE GOD\AppData\Local\Programs\Python\Python314\Lib\site-packages\django\template\context.py", line 
158, in __copy__
    duplicate = super().__copy__()
  File "C:\Users\ONE GOD\AppData\Local\Programs\Python\Python314\Lib\site-packages\django\template\context.py", line 
39, in __copy__
    duplicate.dicts = self.dicts[:]
    ^^^^^^^^^^^^^^^
AttributeError: 'super' object has no attribute 'dicts' and no __dict__ for setting new attributes

During handling of the above exception, another exception occurred:

Traceback (most recent call last):
  File "C:\Users\ONE GOD\AppData\Local\Programs\Python\Python314\Lib\site-packages\django\core\handlers\exception.py", 
line 55, in inner
    response = get_response(request)
  File "C:\Users\ONE GOD\AppData\Local\Programs\Python\Python314\Lib\site-packages\django\utils\deprecation.py", line 
134, in __call__
    response = response or self.get_response(request)
                           ~~~~~~~~~~~~~~~~~^^^^^^^^^
  File "C:\Users\ONE GOD\AppData\Local\Programs\Python\Python314\Lib\site-packages\django\core\handlers\exception.py", 
line 57, in inner
    response = response_for_exception(request, exc)
  File "C:\Users\ONE GOD\AppData\Local\Programs\Python\Python314\Lib\site-packages\django\core\handlers\exception.py", 
line 144, in response_for_exception
    log_response(
    ~~~~~~~~~~~~^
        "%s: %s",
        ^^^^^^^^^
    ...<4 lines>...
        exception=exc,
        ^^^^^^^^^^^^^^
    )
    ^
  File "C:\Users\ONE GOD\AppData\Local\Programs\Python\Python314\Lib\site-packages\django\utils\log.py", line 246, in 
log_response
    getattr(logger, level)(
    ~~~~~~~~~~~~~~~~~~~~~~^
        message,
        ^^^^^^^^
    ...<5 lines>...
        exc_info=exception,
        ^^^^^^^^^^^^^^^^^^^
    )
    ^
  File "C:\Users\ONE GOD\AppData\Local\Programs\Python\Python314\Lib\logging\__init__.py", line 1549, in error
    self._log(ERROR, msg, args, **kwargs)
    ~~~~~~~~~^^^^^^^^^^^^^^^^^^^^^^^^^^^^
  File "C:\Users\ONE GOD\AppData\Local\Programs\Python\Python314\Lib\logging\__init__.py", line 1665, in _log
    self.handle(record)
    ~~~~~~~~~~~^^^^^^^^
  File "C:\Users\ONE GOD\AppData\Local\Programs\Python\Python314\Lib\logging\__init__.py", line 1681, in handle
    self.callHandlers(record)
    ~~~~~~~~~~~~~~~~~^^^^^^^^
  File "C:\Users\ONE GOD\AppData\Local\Programs\Python\Python314\Lib\logging\__init__.py", line 1737, in callHandlers
    hdlr.handle(record)
    ~~~~~~~~~~~^^^^^^^^
  File "C:\Users\ONE GOD\AppData\Local\Programs\Python\Python314\Lib\logging\__init__.py", line 1027, in handle
    self.emit(record)
    ~~~~~~~~~^^^^^^^^
  File "C:\Users\ONE GOD\AppData\Local\Programs\Python\Python314\Lib\site-packages\django\utils\log.py", line 125, in 
emit
    reporter.get_traceback_text(),
    ~~~~~~~~~~~~~~~~~~~~~~~~~~~^^
  File "C:\Users\ONE GOD\AppData\Local\Programs\Python\Python314\Lib\site-packages\django\views\debug.py", line 418, 
in get_traceback_text
    return t.render(c)
           ~~~~~~~~^^^
  File "C:\Users\ONE GOD\AppData\Local\Programs\Python\Python314\Lib\site-packages\django\template\base.py", line 175, 
in render
    return self._render(context)
           ~~~~~~~~~~~~^^^^^^^^^
  File "C:\Users\ONE GOD\AppData\Local\Programs\Python\Python314\Lib\site-packages\django\test\utils.py", line 111, in 
instrumented_test_render
    template_rendered.send(sender=self, template=self, context=context)
    ~~~~~~~~~~~~~~~~~~~~~~^^^^^^^^^^^^^^^^^^^^^^^^^^^^^^^^^^^^^^^^^^^^^
  File "C:\Users\ONE GOD\AppData\Local\Programs\Python\Python314\Lib\site-packages\django\dispatch\dispatcher.py", 
line 177, in send
    (receiver, receiver(signal=self, sender=sender, **named))
               ~~~~~~~~^^^^^^^^^^^^^^^^^^^^^^^^^^^^^^^^^^^^^
  File "C:\Users\ONE GOD\AppData\Local\Programs\Python\Python314\Lib\site-packages\django\test\client.py", line 267, 
in store_rendered_templates
    store["context"].append(copy(context))
                            ~~~~^^^^^^^^^
  File "C:\Users\ONE GOD\AppData\Local\Programs\Python\Python314\Lib\copy.py", line 82, in copy
    return copier(x)
  File "C:\Users\ONE GOD\AppData\Local\Programs\Python\Python314\Lib\site-packages\django\template\context.py", line 
158, in __copy__
    duplicate = super().__copy__()
  File "C:\Users\ONE GOD\AppData\Local\Programs\Python\Python314\Lib\site-packages\django\template\context.py", line 
39, in __copy__
    duplicate.dicts = self.dicts[:]
    ^^^^^^^^^^^^^^^
AttributeError: 'super' object has no attribute 'dicts' and no __dict__ for setting new attributes

During handling of the above exception, another exception occurred:

Traceback (most recent call last):
  File "C:\Users\ONE GOD\Desktop\ChurchHub\accounts\tests.py", line 339, in 
test_unassigned_local_role_redirected_to_profile
    response = client.get(reverse("dashboard:home"))
  File "C:\Users\ONE GOD\AppData\Local\Programs\Python\Python314\Lib\site-packages\django\test\client.py", line 930, 
in get
    response = super().get(path, data=data, secure=secure, headers=headers, **extra)
  File "C:\Users\ONE GOD\AppData\Local\Programs\Python\Python314\Lib\site-packages\django\test\client.py", line 457, 
in get
    return self.generic(
           ~~~~~~~~~~~~^
        "GET",
        ^^^^^^
    ...<6 lines>...
        },
        ^^
    )
    ^
  File "C:\Users\ONE GOD\AppData\Local\Programs\Python\Python314\Lib\site-packages\django\test\client.py", line 609, 
in generic
    return self.request(**r)
           ~~~~~~~~~~~~^^^^^
  File "C:\Users\ONE GOD\AppData\Local\Programs\Python\Python314\Lib\site-packages\django\test\client.py", line 889, 
in request
    response = self.handler(environ)
  File "C:\Users\ONE GOD\AppData\Local\Programs\Python\Python314\Lib\site-packages\django\test\client.py", line 176, 
in __call__
    response = self.get_response(request)
  File "C:\Users\ONE GOD\AppData\Local\Programs\Python\Python314\Lib\site-packages\django\core\handlers\base.py", line 
140, in get_response
    response = self._middleware_chain(request)
  File "C:\Users\ONE GOD\AppData\Local\Programs\Python\Python314\Lib\site-packages\django\core\handlers\exception.py", 
line 57, in inner
    response = response_for_exception(request, exc)
  File "C:\Users\ONE GOD\AppData\Local\Programs\Python\Python314\Lib\site-packages\django\core\handlers\exception.py", 
line 144, in response_for_exception
    log_response(
    ~~~~~~~~~~~~^
        "%s: %s",
        ^^^^^^^^^
    ...<4 lines>...
        exception=exc,
        ^^^^^^^^^^^^^^
    )
    ^
  File "C:\Users\ONE GOD\AppData\Local\Programs\Python\Python314\Lib\site-packages\django\utils\log.py", line 246, in 
log_response
    getattr(logger, level)(
    ~~~~~~~~~~~~~~~~~~~~~~^
        message,
        ^^^^^^^^
    ...<5 lines>...
        exc_info=exception,
        ^^^^^^^^^^^^^^^^^^^
    )
    ^
  File "C:\Users\ONE GOD\AppData\Local\Programs\Python\Python314\Lib\logging\__init__.py", line 1549, in error
    self._log(ERROR, msg, args, **kwargs)
    ~~~~~~~~~^^^^^^^^^^^^^^^^^^^^^^^^^^^^
  File "C:\Users\ONE GOD\AppData\Local\Programs\Python\Python314\Lib\logging\__init__.py", line 1665, in _log
    self.handle(record)
    ~~~~~~~~~~~^^^^^^^^
  File "C:\Users\ONE GOD\AppData\Local\Programs\Python\Python314\Lib\logging\__init__.py", line 1681, in handle
    self.callHandlers(record)
    ~~~~~~~~~~~~~~~~~^^^^^^^^
  File "C:\Users\ONE GOD\AppData\Local\Programs\Python\Python314\Lib\logging\__init__.py", line 1737, in callHandlers
    hdlr.handle(record)
    ~~~~~~~~~~~^^^^^^^^
  File "C:\Users\ONE GOD\AppData\Local\Programs\Python\Python314\Lib\logging\__init__.py", line 1027, in handle
    self.emit(record)
    ~~~~~~~~~^^^^^^^^
  File "C:\Users\ONE GOD\AppData\Local\Programs\Python\Python314\Lib\site-packages\django\utils\log.py", line 125, in 
emit
    reporter.get_traceback_text(),
    ~~~~~~~~~~~~~~~~~~~~~~~~~~~^^
  File "C:\Users\ONE GOD\AppData\Local\Programs\Python\Python314\Lib\site-packages\django\views\debug.py", line 418, 
in get_traceback_text
    return t.render(c)
           ~~~~~~~~^^^
  File "C:\Users\ONE GOD\AppData\Local\Programs\Python\Python314\Lib\site-packages\django\template\base.py", line 175, 
in render
    return self._render(context)
           ~~~~~~~~~~~~^^^^^^^^^
  File "C:\Users\ONE GOD\AppData\Local\Programs\Python\Python314\Lib\site-packages\django\test\utils.py", line 111, in 
instrumented_test_render
    template_rendered.send(sender=self, template=self, context=context)
    ~~~~~~~~~~~~~~~~~~~~~~^^^^^^^^^^^^^^^^^^^^^^^^^^^^^^^^^^^^^^^^^^^^^
  File "C:\Users\ONE GOD\AppData\Local\Programs\Python\Python314\Lib\site-packages\django\dispatch\dispatcher.py", 
line 177, in send
    (receiver, receiver(signal=self, sender=sender, **named))
               ~~~~~~~~^^^^^^^^^^^^^^^^^^^^^^^^^^^^^^^^^^^^^
  File "C:\Users\ONE GOD\AppData\Local\Programs\Python\Python314\Lib\site-packages\django\test\client.py", line 267, 
in store_rendered_templates
    store["context"].append(copy(context))
                            ~~~~^^^^^^^^^
  File "C:\Users\ONE GOD\AppData\Local\Programs\Python\Python314\Lib\copy.py", line 82, in copy
    return copier(x)
  File "C:\Users\ONE GOD\AppData\Local\Programs\Python\Python314\Lib\site-packages\django\template\context.py", line 
158, in __copy__
    duplicate = super().__copy__()
  File "C:\Users\ONE GOD\AppData\Local\Programs\Python\Python314\Lib\site-packages\django\template\context.py", line 
39, in __copy__
    duplicate.dicts = self.dicts[:]
    ^^^^^^^^^^^^^^^
AttributeError: 'super' object has no attribute 'dicts' and no __dict__ for setting new attributes

======================================================================
ERROR: test_activity_log_accessible_to_managers (accounts.tests.ViewTests.test_activity_log_accessible_to_managers)
----------------------------------------------------------------------
Traceback (most recent call last):
  File "C:\Users\ONE GOD\AppData\Local\Programs\Python\Python314\Lib\site-packages\django\core\handlers\exception.py", 
line 55, in inner
    response = get_response(request)
  File "C:\Users\ONE GOD\AppData\Local\Programs\Python\Python314\Lib\site-packages\django\core\handlers\base.py", line 
197, in _get_response
    response = wrapped_callback(request, *callback_args, **callback_kwargs)
  File "C:\Users\ONE GOD\AppData\Local\Programs\Python\Python314\Lib\site-packages\django\contrib\auth\decorators.py", 
line 23, in _wrapper_view
    return view_func(request, *args, **kwargs)
  File "C:\Users\ONE GOD\Desktop\ChurchHub\accounts\views.py", line 201, in activity_log
    return render(request, "accounts/activity_log.html", {"logs": logs})
  File "C:\Users\ONE GOD\AppData\Local\Programs\Python\Python314\Lib\site-packages\django\shortcuts.py", line 24, in 
render
    content = loader.render_to_string(template_name, context, request, using=using)
  File "C:\Users\ONE GOD\AppData\Local\Programs\Python\Python314\Lib\site-packages\django\template\loader.py", line 
62, in render_to_string
    return template.render(context, request)
           ~~~~~~~~~~~~~~~^^^^^^^^^^^^^^^^^^
  File "C:\Users\ONE 
GOD\AppData\Local\Programs\Python\Python314\Lib\site-packages\django\template\backends\django.py", line 61, in render
    return self.template.render(context)
           ~~~~~~~~~~~~~~~~~~~~^^^^^^^^^
  File "C:\Users\ONE GOD\AppData\Local\Programs\Python\Python314\Lib\site-packages\django\template\base.py", line 175, 
in render
    return self._render(context)
           ~~~~~~~~~~~~^^^^^^^^^
  File "C:\Users\ONE GOD\AppData\Local\Programs\Python\Python314\Lib\site-packages\django\test\utils.py", line 111, in 
instrumented_test_render
    template_rendered.send(sender=self, template=self, context=context)
    ~~~~~~~~~~~~~~~~~~~~~~^^^^^^^^^^^^^^^^^^^^^^^^^^^^^^^^^^^^^^^^^^^^^
  File "C:\Users\ONE GOD\AppData\Local\Programs\Python\Python314\Lib\site-packages\django\dispatch\dispatcher.py", 
line 177, in send
    (receiver, receiver(signal=self, sender=sender, **named))
               ~~~~~~~~^^^^^^^^^^^^^^^^^^^^^^^^^^^^^^^^^^^^^
  File "C:\Users\ONE GOD\AppData\Local\Programs\Python\Python314\Lib\site-packages\django\test\client.py", line 267, 
in store_rendered_templates
    store["context"].append(copy(context))
                            ~~~~^^^^^^^^^
  File "C:\Users\ONE GOD\AppData\Local\Programs\Python\Python314\Lib\copy.py", line 82, in copy
    return copier(x)
  File "C:\Users\ONE GOD\AppData\Local\Programs\Python\Python314\Lib\site-packages\django\template\context.py", line 
158, in __copy__
    duplicate = super().__copy__()
  File "C:\Users\ONE GOD\AppData\Local\Programs\Python\Python314\Lib\site-packages\django\template\context.py", line 
39, in __copy__
    duplicate.dicts = self.dicts[:]
    ^^^^^^^^^^^^^^^
AttributeError: 'super' object has no attribute 'dicts' and no __dict__ for setting new attributes

During handling of the above exception, another exception occurred:

Traceback (most recent call last):
  File "C:\Users\ONE GOD\AppData\Local\Programs\Python\Python314\Lib\site-packages\django\core\handlers\exception.py", 
line 55, in inner
    response = get_response(request)
  File "C:\Users\ONE GOD\AppData\Local\Programs\Python\Python314\Lib\site-packages\django\utils\deprecation.py", line 
134, in __call__
    response = response or self.get_response(request)
                           ~~~~~~~~~~~~~~~~~^^^^^^^^^
  File "C:\Users\ONE GOD\AppData\Local\Programs\Python\Python314\Lib\site-packages\django\core\handlers\exception.py", 
line 57, in inner
    response = response_for_exception(request, exc)
  File "C:\Users\ONE GOD\AppData\Local\Programs\Python\Python314\Lib\site-packages\django\core\handlers\exception.py", 
line 144, in response_for_exception
    log_response(
    ~~~~~~~~~~~~^
        "%s: %s",
        ^^^^^^^^^
    ...<4 lines>...
        exception=exc,
        ^^^^^^^^^^^^^^
    )
    ^
  File "C:\Users\ONE GOD\AppData\Local\Programs\Python\Python314\Lib\site-packages\django\utils\log.py", line 246, in 
log_response
    getattr(logger, level)(
    ~~~~~~~~~~~~~~~~~~~~~~^
        message,
        ^^^^^^^^
    ...<5 lines>...
        exc_info=exception,
        ^^^^^^^^^^^^^^^^^^^
    )
    ^
  File "C:\Users\ONE GOD\AppData\Local\Programs\Python\Python314\Lib\logging\__init__.py", line 1549, in error
    self._log(ERROR, msg, args, **kwargs)
    ~~~~~~~~~^^^^^^^^^^^^^^^^^^^^^^^^^^^^
  File "C:\Users\ONE GOD\AppData\Local\Programs\Python\Python314\Lib\logging\__init__.py", line 1665, in _log
    self.handle(record)
    ~~~~~~~~~~~^^^^^^^^
  File "C:\Users\ONE GOD\AppData\Local\Programs\Python\Python314\Lib\logging\__init__.py", line 1681, in handle
    self.callHandlers(record)
    ~~~~~~~~~~~~~~~~~^^^^^^^^
  File "C:\Users\ONE GOD\AppData\Local\Programs\Python\Python314\Lib\logging\__init__.py", line 1737, in callHandlers
    hdlr.handle(record)
    ~~~~~~~~~~~^^^^^^^^
  File "C:\Users\ONE GOD\AppData\Local\Programs\Python\Python314\Lib\logging\__init__.py", line 1027, in handle
    self.emit(record)
    ~~~~~~~~~^^^^^^^^
  File "C:\Users\ONE GOD\AppData\Local\Programs\Python\Python314\Lib\site-packages\django\utils\log.py", line 125, in 
emit
    reporter.get_traceback_text(),
    ~~~~~~~~~~~~~~~~~~~~~~~~~~~^^
  File "C:\Users\ONE GOD\AppData\Local\Programs\Python\Python314\Lib\site-packages\django\views\debug.py", line 418, 
in get_traceback_text
    return t.render(c)
           ~~~~~~~~^^^
  File "C:\Users\ONE GOD\AppData\Local\Programs\Python\Python314\Lib\site-packages\django\template\base.py", line 175, 
in render
    return self._render(context)
           ~~~~~~~~~~~~^^^^^^^^^
  File "C:\Users\ONE GOD\AppData\Local\Programs\Python\Python314\Lib\site-packages\django\test\utils.py", line 111, in 
instrumented_test_render
    template_rendered.send(sender=self, template=self, context=context)
    ~~~~~~~~~~~~~~~~~~~~~~^^^^^^^^^^^^^^^^^^^^^^^^^^^^^^^^^^^^^^^^^^^^^
  File "C:\Users\ONE GOD\AppData\Local\Programs\Python\Python314\Lib\site-packages\django\dispatch\dispatcher.py", 
line 177, in send
    (receiver, receiver(signal=self, sender=sender, **named))
               ~~~~~~~~^^^^^^^^^^^^^^^^^^^^^^^^^^^^^^^^^^^^^
  File "C:\Users\ONE GOD\AppData\Local\Programs\Python\Python314\Lib\site-packages\django\test\client.py", line 267, 
in store_rendered_templates
    store["context"].append(copy(context))
                            ~~~~^^^^^^^^^
  File "C:\Users\ONE GOD\AppData\Local\Programs\Python\Python314\Lib\copy.py", line 82, in copy
    return copier(x)
  File "C:\Users\ONE GOD\AppData\Local\Programs\Python\Python314\Lib\site-packages\django\template\context.py", line 
158, in __copy__
    duplicate = super().__copy__()
  File "C:\Users\ONE GOD\AppData\Local\Programs\Python\Python314\Lib\site-packages\django\template\context.py", line 
39, in __copy__
    duplicate.dicts = self.dicts[:]
    ^^^^^^^^^^^^^^^
AttributeError: 'super' object has no attribute 'dicts' and no __dict__ for setting new attributes

During handling of the above exception, another exception occurred:

Traceback (most recent call last):
  File "C:\Users\ONE GOD\AppData\Local\Programs\Python\Python314\Lib\site-packages\django\core\handlers\exception.py", 
line 55, in inner
    response = get_response(request)
  File "C:\Users\ONE GOD\AppData\Local\Programs\Python\Python314\Lib\site-packages\django\utils\deprecation.py", line 
134, in __call__
    response = response or self.get_response(request)
                           ~~~~~~~~~~~~~~~~~^^^^^^^^^
  File "C:\Users\ONE GOD\AppData\Local\Programs\Python\Python314\Lib\site-packages\django\core\handlers\exception.py", 
line 57, in inner
    response = response_for_exception(request, exc)
  File "C:\Users\ONE GOD\AppData\Local\Programs\Python\Python314\Lib\site-packages\django\core\handlers\exception.py", 
line 144, in response_for_exception
    log_response(
    ~~~~~~~~~~~~^
        "%s: %s",
        ^^^^^^^^^
    ...<4 lines>...
        exception=exc,
        ^^^^^^^^^^^^^^
    )
    ^
  File "C:\Users\ONE GOD\AppData\Local\Programs\Python\Python314\Lib\site-packages\django\utils\log.py", line 246, in 
log_response
    getattr(logger, level)(
    ~~~~~~~~~~~~~~~~~~~~~~^
        message,
        ^^^^^^^^
    ...<5 lines>...
        exc_info=exception,
        ^^^^^^^^^^^^^^^^^^^
    )
    ^
  File "C:\Users\ONE GOD\AppData\Local\Programs\Python\Python314\Lib\logging\__init__.py", line 1549, in error
    self._log(ERROR, msg, args, **kwargs)
    ~~~~~~~~~^^^^^^^^^^^^^^^^^^^^^^^^^^^^
  File "C:\Users\ONE GOD\AppData\Local\Programs\Python\Python314\Lib\logging\__init__.py", line 1665, in _log
    self.handle(record)
    ~~~~~~~~~~~^^^^^^^^
  File "C:\Users\ONE GOD\AppData\Local\Programs\Python\Python314\Lib\logging\__init__.py", line 1681, in handle
    self.callHandlers(record)
    ~~~~~~~~~~~~~~~~~^^^^^^^^
  File "C:\Users\ONE GOD\AppData\Local\Programs\Python\Python314\Lib\logging\__init__.py", line 1737, in callHandlers
    hdlr.handle(record)
    ~~~~~~~~~~~^^^^^^^^
  File "C:\Users\ONE GOD\AppData\Local\Programs\Python\Python314\Lib\logging\__init__.py", line 1027, in handle
    self.emit(record)
    ~~~~~~~~~^^^^^^^^
  File "C:\Users\ONE GOD\AppData\Local\Programs\Python\Python314\Lib\site-packages\django\utils\log.py", line 125, in 
emit
    reporter.get_traceback_text(),
    ~~~~~~~~~~~~~~~~~~~~~~~~~~~^^
  File "C:\Users\ONE GOD\AppData\Local\Programs\Python\Python314\Lib\site-packages\django\views\debug.py", line 418, 
in get_traceback_text
    return t.render(c)
           ~~~~~~~~^^^
  File "C:\Users\ONE GOD\AppData\Local\Programs\Python\Python314\Lib\site-packages\django\template\base.py", line 175, 
in render
    return self._render(context)
           ~~~~~~~~~~~~^^^^^^^^^
  File "C:\Users\ONE GOD\AppData\Local\Programs\Python\Python314\Lib\site-packages\django\test\utils.py", line 111, in 
instrumented_test_render
    template_rendered.send(sender=self, template=self, context=context)
    ~~~~~~~~~~~~~~~~~~~~~~^^^^^^^^^^^^^^^^^^^^^^^^^^^^^^^^^^^^^^^^^^^^^
  File "C:\Users\ONE GOD\AppData\Local\Programs\Python\Python314\Lib\site-packages\django\dispatch\dispatcher.py", 
line 177, in send
    (receiver, receiver(signal=self, sender=sender, **named))
               ~~~~~~~~^^^^^^^^^^^^^^^^^^^^^^^^^^^^^^^^^^^^^
  File "C:\Users\ONE GOD\AppData\Local\Programs\Python\Python314\Lib\site-packages\django\test\client.py", line 267, 
in store_rendered_templates
    store["context"].append(copy(context))
                            ~~~~^^^^^^^^^
  File "C:\Users\ONE GOD\AppData\Local\Programs\Python\Python314\Lib\copy.py", line 82, in copy
    return copier(x)
  File "C:\Users\ONE GOD\AppData\Local\Programs\Python\Python314\Lib\site-packages\django\template\context.py", line 
158, in __copy__
    duplicate = super().__copy__()
  File "C:\Users\ONE GOD\AppData\Local\Programs\Python\Python314\Lib\site-packages\django\template\context.py", line 
39, in __copy__
    duplicate.dicts = self.dicts[:]
    ^^^^^^^^^^^^^^^
AttributeError: 'super' object has no attribute 'dicts' and no __dict__ for setting new attributes

During handling of the above exception, another exception occurred:

Traceback (most recent call last):
  File "C:\Users\ONE GOD\AppData\Local\Programs\Python\Python314\Lib\site-packages\django\core\handlers\exception.py", 
line 55, in inner
    response = get_response(request)
  File "C:\Users\ONE GOD\Desktop\ChurchHub\accounts\middleware.py", line 47, in __call__
    return self.get_response(request)
           ~~~~~~~~~~~~~~~~~^^^^^^^^^
  File "C:\Users\ONE GOD\AppData\Local\Programs\Python\Python314\Lib\site-packages\django\core\handlers\exception.py", 
line 57, in inner
    response = response_for_exception(request, exc)
  File "C:\Users\ONE GOD\AppData\Local\Programs\Python\Python314\Lib\site-packages\django\core\handlers\exception.py", 
line 144, in response_for_exception
    log_response(
    ~~~~~~~~~~~~^
        "%s: %s",
        ^^^^^^^^^
    ...<4 lines>...
        exception=exc,
        ^^^^^^^^^^^^^^
    )
    ^
  File "C:\Users\ONE GOD\AppData\Local\Programs\Python\Python314\Lib\site-packages\django\utils\log.py", line 246, in 
log_response
    getattr(logger, level)(
    ~~~~~~~~~~~~~~~~~~~~~~^
        message,
        ^^^^^^^^
    ...<5 lines>...
        exc_info=exception,
        ^^^^^^^^^^^^^^^^^^^
    )
    ^
  File "C:\Users\ONE GOD\AppData\Local\Programs\Python\Python314\Lib\logging\__init__.py", line 1549, in error
    self._log(ERROR, msg, args, **kwargs)
    ~~~~~~~~~^^^^^^^^^^^^^^^^^^^^^^^^^^^^
  File "C:\Users\ONE GOD\AppData\Local\Programs\Python\Python314\Lib\logging\__init__.py", line 1665, in _log
    self.handle(record)
    ~~~~~~~~~~~^^^^^^^^
  File "C:\Users\ONE GOD\AppData\Local\Programs\Python\Python314\Lib\logging\__init__.py", line 1681, in handle
    self.callHandlers(record)
    ~~~~~~~~~~~~~~~~~^^^^^^^^
  File "C:\Users\ONE GOD\AppData\Local\Programs\Python\Python314\Lib\logging\__init__.py", line 1737, in callHandlers
    hdlr.handle(record)
    ~~~~~~~~~~~^^^^^^^^
  File "C:\Users\ONE GOD\AppData\Local\Programs\Python\Python314\Lib\logging\__init__.py", line 1027, in handle
    self.emit(record)
    ~~~~~~~~~^^^^^^^^
  File "C:\Users\ONE GOD\AppData\Local\Programs\Python\Python314\Lib\site-packages\django\utils\log.py", line 125, in 
emit
    reporter.get_traceback_text(),
    ~~~~~~~~~~~~~~~~~~~~~~~~~~~^^
  File "C:\Users\ONE GOD\AppData\Local\Programs\Python\Python314\Lib\site-packages\django\views\debug.py", line 418, 
in get_traceback_text
    return t.render(c)
           ~~~~~~~~^^^
  File "C:\Users\ONE GOD\AppData\Local\Programs\Python\Python314\Lib\site-packages\django\template\base.py", line 175, 
in render
    return self._render(context)
           ~~~~~~~~~~~~^^^^^^^^^
  File "C:\Users\ONE GOD\AppData\Local\Programs\Python\Python314\Lib\site-packages\django\test\utils.py", line 111, in 
instrumented_test_render
    template_rendered.send(sender=self, template=self, context=context)
    ~~~~~~~~~~~~~~~~~~~~~~^^^^^^^^^^^^^^^^^^^^^^^^^^^^^^^^^^^^^^^^^^^^^
  File "C:\Users\ONE GOD\AppData\Local\Programs\Python\Python314\Lib\site-packages\django\dispatch\dispatcher.py", 
line 177, in send
    (receiver, receiver(signal=self, sender=sender, **named))
               ~~~~~~~~^^^^^^^^^^^^^^^^^^^^^^^^^^^^^^^^^^^^^
  File "C:\Users\ONE GOD\AppData\Local\Programs\Python\Python314\Lib\site-packages\django\test\client.py", line 267, 
in store_rendered_templates
    store["context"].append(copy(context))
                            ~~~~^^^^^^^^^
  File "C:\Users\ONE GOD\AppData\Local\Programs\Python\Python314\Lib\copy.py", line 82, in copy
    return copier(x)
  File "C:\Users\ONE GOD\AppData\Local\Programs\Python\Python314\Lib\site-packages\django\template\context.py", line 
158, in __copy__
    duplicate = super().__copy__()
  File "C:\Users\ONE GOD\AppData\Local\Programs\Python\Python314\Lib\site-packages\django\template\context.py", line 
39, in __copy__
    duplicate.dicts = self.dicts[:]
    ^^^^^^^^^^^^^^^
AttributeError: 'super' object has no attribute 'dicts' and no __dict__ for setting new attributes

During handling of the above exception, another exception occurred:

Traceback (most recent call last):
  File "C:\Users\ONE GOD\AppData\Local\Programs\Python\Python314\Lib\site-packages\django\core\handlers\exception.py", 
line 55, in inner
    response = get_response(request)
  File "C:\Users\ONE GOD\AppData\Local\Programs\Python\Python314\Lib\site-packages\django\utils\deprecation.py", line 
134, in __call__
    response = response or self.get_response(request)
                           ~~~~~~~~~~~~~~~~~^^^^^^^^^
  File "C:\Users\ONE GOD\AppData\Local\Programs\Python\Python314\Lib\site-packages\django\core\handlers\exception.py", 
line 57, in inner
    response = response_for_exception(request, exc)
  File "C:\Users\ONE GOD\AppData\Local\Programs\Python\Python314\Lib\site-packages\django\core\handlers\exception.py", 
line 144, in response_for_exception
    log_response(
    ~~~~~~~~~~~~^
        "%s: %s",
        ^^^^^^^^^
    ...<4 lines>...
        exception=exc,
        ^^^^^^^^^^^^^^
    )
    ^
  File "C:\Users\ONE GOD\AppData\Local\Programs\Python\Python314\Lib\site-packages\django\utils\log.py", line 246, in 
log_response
    getattr(logger, level)(
    ~~~~~~~~~~~~~~~~~~~~~~^
        message,
        ^^^^^^^^
    ...<5 lines>...
        exc_info=exception,
        ^^^^^^^^^^^^^^^^^^^
    )
    ^
  File "C:\Users\ONE GOD\AppData\Local\Programs\Python\Python314\Lib\logging\__init__.py", line 1549, in error
    self._log(ERROR, msg, args, **kwargs)
    ~~~~~~~~~^^^^^^^^^^^^^^^^^^^^^^^^^^^^
  File "C:\Users\ONE GOD\AppData\Local\Programs\Python\Python314\Lib\logging\__init__.py", line 1665, in _log
    self.handle(record)
    ~~~~~~~~~~~^^^^^^^^
  File "C:\Users\ONE GOD\AppData\Local\Programs\Python\Python314\Lib\logging\__init__.py", line 1681, in handle
    self.callHandlers(record)
    ~~~~~~~~~~~~~~~~~^^^^^^^^
  File "C:\Users\ONE GOD\AppData\Local\Programs\Python\Python314\Lib\logging\__init__.py", line 1737, in callHandlers
    hdlr.handle(record)
    ~~~~~~~~~~~^^^^^^^^
  File "C:\Users\ONE GOD\AppData\Local\Programs\Python\Python314\Lib\logging\__init__.py", line 1027, in handle
    self.emit(record)
    ~~~~~~~~~^^^^^^^^
  File "C:\Users\ONE GOD\AppData\Local\Programs\Python\Python314\Lib\site-packages\django\utils\log.py", line 125, in 
emit
    reporter.get_traceback_text(),
    ~~~~~~~~~~~~~~~~~~~~~~~~~~~^^
  File "C:\Users\ONE GOD\AppData\Local\Programs\Python\Python314\Lib\site-packages\django\views\debug.py", line 418, 
in get_traceback_text
    return t.render(c)
           ~~~~~~~~^^^
  File "C:\Users\ONE GOD\AppData\Local\Programs\Python\Python314\Lib\site-packages\django\template\base.py", line 175, 
in render
    return self._render(context)
           ~~~~~~~~~~~~^^^^^^^^^
  File "C:\Users\ONE GOD\AppData\Local\Programs\Python\Python314\Lib\site-packages\django\test\utils.py", line 111, in 
instrumented_test_render
    template_rendered.send(sender=self, template=self, context=context)
    ~~~~~~~~~~~~~~~~~~~~~~^^^^^^^^^^^^^^^^^^^^^^^^^^^^^^^^^^^^^^^^^^^^^
  File "C:\Users\ONE GOD\AppData\Local\Programs\Python\Python314\Lib\site-packages\django\dispatch\dispatcher.py", 
line 177, in send
    (receiver, receiver(signal=self, sender=sender, **named))
               ~~~~~~~~^^^^^^^^^^^^^^^^^^^^^^^^^^^^^^^^^^^^^
  File "C:\Users\ONE GOD\AppData\Local\Programs\Python\Python314\Lib\site-packages\django\test\client.py", line 267, 
in store_rendered_templates
    store["context"].append(copy(context))
                            ~~~~^^^^^^^^^
  File "C:\Users\ONE GOD\AppData\Local\Programs\Python\Python314\Lib\copy.py", line 82, in copy
    return copier(x)
  File "C:\Users\ONE GOD\AppData\Local\Programs\Python\Python314\Lib\site-packages\django\template\context.py", line 
158, in __copy__
    duplicate = super().__copy__()
  File "C:\Users\ONE GOD\AppData\Local\Programs\Python\Python314\Lib\site-packages\django\template\context.py", line 
39, in __copy__
    duplicate.dicts = self.dicts[:]
    ^^^^^^^^^^^^^^^
AttributeError: 'super' object has no attribute 'dicts' and no __dict__ for setting new attributes

During handling of the above exception, another exception occurred:

Traceback (most recent call last):
  File "C:\Users\ONE GOD\AppData\Local\Programs\Python\Python314\Lib\site-packages\django\core\handlers\exception.py", 
line 55, in inner
    response = get_response(request)
  File "C:\Users\ONE GOD\AppData\Local\Programs\Python\Python314\Lib\site-packages\django\utils\deprecation.py", line 
134, in __call__
    response = response or self.get_response(request)
                           ~~~~~~~~~~~~~~~~~^^^^^^^^^
  File "C:\Users\ONE GOD\AppData\Local\Programs\Python\Python314\Lib\site-packages\django\core\handlers\exception.py", 
line 57, in inner
    response = response_for_exception(request, exc)
  File "C:\Users\ONE GOD\AppData\Local\Programs\Python\Python314\Lib\site-packages\django\core\handlers\exception.py", 
line 144, in response_for_exception
    log_response(
    ~~~~~~~~~~~~^
        "%s: %s",
        ^^^^^^^^^
    ...<4 lines>...
        exception=exc,
        ^^^^^^^^^^^^^^
    )
    ^
  File "C:\Users\ONE GOD\AppData\Local\Programs\Python\Python314\Lib\site-packages\django\utils\log.py", line 246, in 
log_response
    getattr(logger, level)(
    ~~~~~~~~~~~~~~~~~~~~~~^
        message,
        ^^^^^^^^
    ...<5 lines>...
        exc_info=exception,
        ^^^^^^^^^^^^^^^^^^^
    )
    ^
  File "C:\Users\ONE GOD\AppData\Local\Programs\Python\Python314\Lib\logging\__init__.py", line 1549, in error
    self._log(ERROR, msg, args, **kwargs)
    ~~~~~~~~~^^^^^^^^^^^^^^^^^^^^^^^^^^^^
  File "C:\Users\ONE GOD\AppData\Local\Programs\Python\Python314\Lib\logging\__init__.py", line 1665, in _log
    self.handle(record)
    ~~~~~~~~~~~^^^^^^^^
  File "C:\Users\ONE GOD\AppData\Local\Programs\Python\Python314\Lib\logging\__init__.py", line 1681, in handle
    self.callHandlers(record)
    ~~~~~~~~~~~~~~~~~^^^^^^^^
  File "C:\Users\ONE GOD\AppData\Local\Programs\Python\Python314\Lib\logging\__init__.py", line 1737, in callHandlers
    hdlr.handle(record)
    ~~~~~~~~~~~^^^^^^^^
  File "C:\Users\ONE GOD\AppData\Local\Programs\Python\Python314\Lib\logging\__init__.py", line 1027, in handle
    self.emit(record)
    ~~~~~~~~~^^^^^^^^
  File "C:\Users\ONE GOD\AppData\Local\Programs\Python\Python314\Lib\site-packages\django\utils\log.py", line 125, in 
emit
    reporter.get_traceback_text(),
    ~~~~~~~~~~~~~~~~~~~~~~~~~~~^^
  File "C:\Users\ONE GOD\AppData\Local\Programs\Python\Python314\Lib\site-packages\django\views\debug.py", line 418, 
in get_traceback_text
    return t.render(c)
           ~~~~~~~~^^^
  File "C:\Users\ONE GOD\AppData\Local\Programs\Python\Python314\Lib\site-packages\django\template\base.py", line 175, 
in render
    return self._render(context)
           ~~~~~~~~~~~~^^^^^^^^^
  File "C:\Users\ONE GOD\AppData\Local\Programs\Python\Python314\Lib\site-packages\django\test\utils.py", line 111, in 
instrumented_test_render
    template_rendered.send(sender=self, template=self, context=context)
    ~~~~~~~~~~~~~~~~~~~~~~^^^^^^^^^^^^^^^^^^^^^^^^^^^^^^^^^^^^^^^^^^^^^
  File "C:\Users\ONE GOD\AppData\Local\Programs\Python\Python314\Lib\site-packages\django\dispatch\dispatcher.py", 
line 177, in send
    (receiver, receiver(signal=self, sender=sender, **named))
               ~~~~~~~~^^^^^^^^^^^^^^^^^^^^^^^^^^^^^^^^^^^^^
  File "C:\Users\ONE GOD\AppData\Local\Programs\Python\Python314\Lib\site-packages\django\test\client.py", line 267, 
in store_rendered_templates
    store["context"].append(copy(context))
                            ~~~~^^^^^^^^^
  File "C:\Users\ONE GOD\AppData\Local\Programs\Python\Python314\Lib\copy.py", line 82, in copy
    return copier(x)
  File "C:\Users\ONE GOD\AppData\Local\Programs\Python\Python314\Lib\site-packages\django\template\context.py", line 
158, in __copy__
    duplicate = super().__copy__()
  File "C:\Users\ONE GOD\AppData\Local\Programs\Python\Python314\Lib\site-packages\django\template\context.py", line 
39, in __copy__
    duplicate.dicts = self.dicts[:]
    ^^^^^^^^^^^^^^^
AttributeError: 'super' object has no attribute 'dicts' and no __dict__ for setting new attributes

During handling of the above exception, another exception occurred:

Traceback (most recent call last):
  File "C:\Users\ONE GOD\AppData\Local\Programs\Python\Python314\Lib\site-packages\django\core\handlers\exception.py", 
line 55, in inner
    response = get_response(request)
  File "C:\Users\ONE GOD\AppData\Local\Programs\Python\Python314\Lib\site-packages\django\utils\deprecation.py", line 
134, in __call__
    response = response or self.get_response(request)
                           ~~~~~~~~~~~~~~~~~^^^^^^^^^
  File "C:\Users\ONE GOD\AppData\Local\Programs\Python\Python314\Lib\site-packages\django\core\handlers\exception.py", 
line 57, in inner
    response = response_for_exception(request, exc)
  File "C:\Users\ONE GOD\AppData\Local\Programs\Python\Python314\Lib\site-packages\django\core\handlers\exception.py", 
line 144, in response_for_exception
    log_response(
    ~~~~~~~~~~~~^
        "%s: %s",
        ^^^^^^^^^
    ...<4 lines>...
        exception=exc,
        ^^^^^^^^^^^^^^
    )
    ^
  File "C:\Users\ONE GOD\AppData\Local\Programs\Python\Python314\Lib\site-packages\django\utils\log.py", line 246, in 
log_response
    getattr(logger, level)(
    ~~~~~~~~~~~~~~~~~~~~~~^
        message,
        ^^^^^^^^
    ...<5 lines>...
        exc_info=exception,
        ^^^^^^^^^^^^^^^^^^^
    )
    ^
  File "C:\Users\ONE GOD\AppData\Local\Programs\Python\Python314\Lib\logging\__init__.py", line 1549, in error
    self._log(ERROR, msg, args, **kwargs)
    ~~~~~~~~~^^^^^^^^^^^^^^^^^^^^^^^^^^^^
  File "C:\Users\ONE GOD\AppData\Local\Programs\Python\Python314\Lib\logging\__init__.py", line 1665, in _log
    self.handle(record)
    ~~~~~~~~~~~^^^^^^^^
  File "C:\Users\ONE GOD\AppData\Local\Programs\Python\Python314\Lib\logging\__init__.py", line 1681, in handle
    self.callHandlers(record)
    ~~~~~~~~~~~~~~~~~^^^^^^^^
  File "C:\Users\ONE GOD\AppData\Local\Programs\Python\Python314\Lib\logging\__init__.py", line 1737, in callHandlers
    hdlr.handle(record)
    ~~~~~~~~~~~^^^^^^^^
  File "C:\Users\ONE GOD\AppData\Local\Programs\Python\Python314\Lib\logging\__init__.py", line 1027, in handle
    self.emit(record)
    ~~~~~~~~~^^^^^^^^
  File "C:\Users\ONE GOD\AppData\Local\Programs\Python\Python314\Lib\site-packages\django\utils\log.py", line 125, in 
emit
    reporter.get_traceback_text(),
    ~~~~~~~~~~~~~~~~~~~~~~~~~~~^^
  File "C:\Users\ONE GOD\AppData\Local\Programs\Python\Python314\Lib\site-packages\django\views\debug.py", line 418, 
in get_traceback_text
    return t.render(c)
           ~~~~~~~~^^^
  File "C:\Users\ONE GOD\AppData\Local\Programs\Python\Python314\Lib\site-packages\django\template\base.py", line 175, 
in render
    return self._render(context)
           ~~~~~~~~~~~~^^^^^^^^^
  File "C:\Users\ONE GOD\AppData\Local\Programs\Python\Python314\Lib\site-packages\django\test\utils.py", line 111, in 
instrumented_test_render
    template_rendered.send(sender=self, template=self, context=context)
    ~~~~~~~~~~~~~~~~~~~~~~^^^^^^^^^^^^^^^^^^^^^^^^^^^^^^^^^^^^^^^^^^^^^
  File "C:\Users\ONE GOD\AppData\Local\Programs\Python\Python314\Lib\site-packages\django\dispatch\dispatcher.py", 
line 177, in send
    (receiver, receiver(signal=self, sender=sender, **named))
               ~~~~~~~~^^^^^^^^^^^^^^^^^^^^^^^^^^^^^^^^^^^^^
  File "C:\Users\ONE GOD\AppData\Local\Programs\Python\Python314\Lib\site-packages\django\test\client.py", line 267, 
in store_rendered_templates
    store["context"].append(copy(context))
                            ~~~~^^^^^^^^^
  File "C:\Users\ONE GOD\AppData\Local\Programs\Python\Python314\Lib\copy.py", line 82, in copy
    return copier(x)
  File "C:\Users\ONE GOD\AppData\Local\Programs\Python\Python314\Lib\site-packages\django\template\context.py", line 
158, in __copy__
    duplicate = super().__copy__()
  File "C:\Users\ONE GOD\AppData\Local\Programs\Python\Python314\Lib\site-packages\django\template\context.py", line 
39, in __copy__
    duplicate.dicts = self.dicts[:]
    ^^^^^^^^^^^^^^^
AttributeError: 'super' object has no attribute 'dicts' and no __dict__ for setting new attributes

During handling of the above exception, another exception occurred:

Traceback (most recent call last):
  File "C:\Users\ONE GOD\AppData\Local\Programs\Python\Python314\Lib\site-packages\django\core\handlers\exception.py", 
line 55, in inner
    response = get_response(request)
  File "C:\Users\ONE GOD\AppData\Local\Programs\Python\Python314\Lib\site-packages\django\utils\deprecation.py", line 
134, in __call__
    response = response or self.get_response(request)
                           ~~~~~~~~~~~~~~~~~^^^^^^^^^
  File "C:\Users\ONE GOD\AppData\Local\Programs\Python\Python314\Lib\site-packages\django\core\handlers\exception.py", 
line 57, in inner
    response = response_for_exception(request, exc)
  File "C:\Users\ONE GOD\AppData\Local\Programs\Python\Python314\Lib\site-packages\django\core\handlers\exception.py", 
line 144, in response_for_exception
    log_response(
    ~~~~~~~~~~~~^
        "%s: %s",
        ^^^^^^^^^
    ...<4 lines>...
        exception=exc,
        ^^^^^^^^^^^^^^
    )
    ^
  File "C:\Users\ONE GOD\AppData\Local\Programs\Python\Python314\Lib\site-packages\django\utils\log.py", line 246, in 
log_response
    getattr(logger, level)(
    ~~~~~~~~~~~~~~~~~~~~~~^
        message,
        ^^^^^^^^
    ...<5 lines>...
        exc_info=exception,
        ^^^^^^^^^^^^^^^^^^^
    )
    ^
  File "C:\Users\ONE GOD\AppData\Local\Programs\Python\Python314\Lib\logging\__init__.py", line 1549, in error
    self._log(ERROR, msg, args, **kwargs)
    ~~~~~~~~~^^^^^^^^^^^^^^^^^^^^^^^^^^^^
  File "C:\Users\ONE GOD\AppData\Local\Programs\Python\Python314\Lib\logging\__init__.py", line 1665, in _log
    self.handle(record)
    ~~~~~~~~~~~^^^^^^^^
  File "C:\Users\ONE GOD\AppData\Local\Programs\Python\Python314\Lib\logging\__init__.py", line 1681, in handle
    self.callHandlers(record)
    ~~~~~~~~~~~~~~~~~^^^^^^^^
  File "C:\Users\ONE GOD\AppData\Local\Programs\Python\Python314\Lib\logging\__init__.py", line 1737, in callHandlers
    hdlr.handle(record)
    ~~~~~~~~~~~^^^^^^^^
  File "C:\Users\ONE GOD\AppData\Local\Programs\Python\Python314\Lib\logging\__init__.py", line 1027, in handle
    self.emit(record)
    ~~~~~~~~~^^^^^^^^
  File "C:\Users\ONE GOD\AppData\Local\Programs\Python\Python314\Lib\site-packages\django\utils\log.py", line 125, in 
emit
    reporter.get_traceback_text(),
    ~~~~~~~~~~~~~~~~~~~~~~~~~~~^^
  File "C:\Users\ONE GOD\AppData\Local\Programs\Python\Python314\Lib\site-packages\django\views\debug.py", line 418, 
in get_traceback_text
    return t.render(c)
           ~~~~~~~~^^^
  File "C:\Users\ONE GOD\AppData\Local\Programs\Python\Python314\Lib\site-packages\django\template\base.py", line 175, 
in render
    return self._render(context)
           ~~~~~~~~~~~~^^^^^^^^^
  File "C:\Users\ONE GOD\AppData\Local\Programs\Python\Python314\Lib\site-packages\django\test\utils.py", line 111, in 
instrumented_test_render
    template_rendered.send(sender=self, template=self, context=context)
    ~~~~~~~~~~~~~~~~~~~~~~^^^^^^^^^^^^^^^^^^^^^^^^^^^^^^^^^^^^^^^^^^^^^
  File "C:\Users\ONE GOD\AppData\Local\Programs\Python\Python314\Lib\site-packages\django\dispatch\dispatcher.py", 
line 177, in send
    (receiver, receiver(signal=self, sender=sender, **named))
               ~~~~~~~~^^^^^^^^^^^^^^^^^^^^^^^^^^^^^^^^^^^^^
  File "C:\Users\ONE GOD\AppData\Local\Programs\Python\Python314\Lib\site-packages\django\test\client.py", line 267, 
in store_rendered_templates
    store["context"].append(copy(context))
                            ~~~~^^^^^^^^^
  File "C:\Users\ONE GOD\AppData\Local\Programs\Python\Python314\Lib\copy.py", line 82, in copy
    return copier(x)
  File "C:\Users\ONE GOD\AppData\Local\Programs\Python\Python314\Lib\site-packages\django\template\context.py", line 
158, in __copy__
    duplicate = super().__copy__()
  File "C:\Users\ONE GOD\AppData\Local\Programs\Python\Python314\Lib\site-packages\django\template\context.py", line 
39, in __copy__
    duplicate.dicts = self.dicts[:]
    ^^^^^^^^^^^^^^^
AttributeError: 'super' object has no attribute 'dicts' and no __dict__ for setting new attributes

During handling of the above exception, another exception occurred:

Traceback (most recent call last):
  File "C:\Users\ONE GOD\AppData\Local\Programs\Python\Python314\Lib\site-packages\django\core\handlers\exception.py", 
line 55, in inner
    response = get_response(request)
  File "C:\Users\ONE GOD\AppData\Local\Programs\Python\Python314\Lib\site-packages\django\utils\deprecation.py", line 
134, in __call__
    response = response or self.get_response(request)
                           ~~~~~~~~~~~~~~~~~^^^^^^^^^
  File "C:\Users\ONE GOD\AppData\Local\Programs\Python\Python314\Lib\site-packages\django\core\handlers\exception.py", 
line 57, in inner
    response = response_for_exception(request, exc)
  File "C:\Users\ONE GOD\AppData\Local\Programs\Python\Python314\Lib\site-packages\django\core\handlers\exception.py", 
line 144, in response_for_exception
    log_response(
    ~~~~~~~~~~~~^
        "%s: %s",
        ^^^^^^^^^
    ...<4 lines>...
        exception=exc,
        ^^^^^^^^^^^^^^
    )
    ^
  File "C:\Users\ONE GOD\AppData\Local\Programs\Python\Python314\Lib\site-packages\django\utils\log.py", line 246, in 
log_response
    getattr(logger, level)(
    ~~~~~~~~~~~~~~~~~~~~~~^
        message,
        ^^^^^^^^
    ...<5 lines>...
        exc_info=exception,
        ^^^^^^^^^^^^^^^^^^^
    )
    ^
  File "C:\Users\ONE GOD\AppData\Local\Programs\Python\Python314\Lib\logging\__init__.py", line 1549, in error
    self._log(ERROR, msg, args, **kwargs)
    ~~~~~~~~~^^^^^^^^^^^^^^^^^^^^^^^^^^^^
  File "C:\Users\ONE GOD\AppData\Local\Programs\Python\Python314\Lib\logging\__init__.py", line 1665, in _log
    self.handle(record)
    ~~~~~~~~~~~^^^^^^^^
  File "C:\Users\ONE GOD\AppData\Local\Programs\Python\Python314\Lib\logging\__init__.py", line 1681, in handle
    self.callHandlers(record)
    ~~~~~~~~~~~~~~~~~^^^^^^^^
  File "C:\Users\ONE GOD\AppData\Local\Programs\Python\Python314\Lib\logging\__init__.py", line 1737, in callHandlers
    hdlr.handle(record)
    ~~~~~~~~~~~^^^^^^^^
  File "C:\Users\ONE GOD\AppData\Local\Programs\Python\Python314\Lib\logging\__init__.py", line 1027, in handle
    self.emit(record)
    ~~~~~~~~~^^^^^^^^
  File "C:\Users\ONE GOD\AppData\Local\Programs\Python\Python314\Lib\site-packages\django\utils\log.py", line 125, in 
emit
    reporter.get_traceback_text(),
    ~~~~~~~~~~~~~~~~~~~~~~~~~~~^^
  File "C:\Users\ONE GOD\AppData\Local\Programs\Python\Python314\Lib\site-packages\django\views\debug.py", line 418, 
in get_traceback_text
    return t.render(c)
           ~~~~~~~~^^^
  File "C:\Users\ONE GOD\AppData\Local\Programs\Python\Python314\Lib\site-packages\django\template\base.py", line 175, 
in render
    return self._render(context)
           ~~~~~~~~~~~~^^^^^^^^^
  File "C:\Users\ONE GOD\AppData\Local\Programs\Python\Python314\Lib\site-packages\django\test\utils.py", line 111, in 
instrumented_test_render
    template_rendered.send(sender=self, template=self, context=context)
    ~~~~~~~~~~~~~~~~~~~~~~^^^^^^^^^^^^^^^^^^^^^^^^^^^^^^^^^^^^^^^^^^^^^
  File "C:\Users\ONE GOD\AppData\Local\Programs\Python\Python314\Lib\site-packages\django\dispatch\dispatcher.py", 
line 177, in send
    (receiver, receiver(signal=self, sender=sender, **named))
               ~~~~~~~~^^^^^^^^^^^^^^^^^^^^^^^^^^^^^^^^^^^^^
  File "C:\Users\ONE GOD\AppData\Local\Programs\Python\Python314\Lib\site-packages\django\test\client.py", line 267, 
in store_rendered_templates
    store["context"].append(copy(context))
                            ~~~~^^^^^^^^^
  File "C:\Users\ONE GOD\AppData\Local\Programs\Python\Python314\Lib\copy.py", line 82, in copy
    return copier(x)
  File "C:\Users\ONE GOD\AppData\Local\Programs\Python\Python314\Lib\site-packages\django\template\context.py", line 
158, in __copy__
    duplicate = super().__copy__()
  File "C:\Users\ONE GOD\AppData\Local\Programs\Python\Python314\Lib\site-packages\django\template\context.py", line 
39, in __copy__
    duplicate.dicts = self.dicts[:]
    ^^^^^^^^^^^^^^^
AttributeError: 'super' object has no attribute 'dicts' and no __dict__ for setting new attributes

During handling of the above exception, another exception occurred:

Traceback (most recent call last):
  File "C:\Users\ONE GOD\Desktop\ChurchHub\accounts\tests.py", line 300, in test_activity_log_accessible_to_managers
    response = self.client.get(reverse("accounts:activity_log"))
  File "C:\Users\ONE GOD\AppData\Local\Programs\Python\Python314\Lib\site-packages\django\test\client.py", line 930, 
in get
    response = super().get(path, data=data, secure=secure, headers=headers, **extra)
  File "C:\Users\ONE GOD\AppData\Local\Programs\Python\Python314\Lib\site-packages\django\test\client.py", line 457, 
in get
    return self.generic(
           ~~~~~~~~~~~~^
        "GET",
        ^^^^^^
    ...<6 lines>...
        },
        ^^
    )
    ^
  File "C:\Users\ONE GOD\AppData\Local\Programs\Python\Python314\Lib\site-packages\django\test\client.py", line 609, 
in generic
    return self.request(**r)
           ~~~~~~~~~~~~^^^^^
  File "C:\Users\ONE GOD\AppData\Local\Programs\Python\Python314\Lib\site-packages\django\test\client.py", line 889, 
in request
    response = self.handler(environ)
  File "C:\Users\ONE GOD\AppData\Local\Programs\Python\Python314\Lib\site-packages\django\test\client.py", line 176, 
in __call__
    response = self.get_response(request)
  File "C:\Users\ONE GOD\AppData\Local\Programs\Python\Python314\Lib\site-packages\django\core\handlers\base.py", line 
140, in get_response
    response = self._middleware_chain(request)
  File "C:\Users\ONE GOD\AppData\Local\Programs\Python\Python314\Lib\site-packages\django\core\handlers\exception.py", 
line 57, in inner
    response = response_for_exception(request, exc)
  File "C:\Users\ONE GOD\AppData\Local\Programs\Python\Python314\Lib\site-packages\django\core\handlers\exception.py", 
line 144, in response_for_exception
    log_response(
    ~~~~~~~~~~~~^
        "%s: %s",
        ^^^^^^^^^
    ...<4 lines>...
        exception=exc,
        ^^^^^^^^^^^^^^
    )
    ^
  File "C:\Users\ONE GOD\AppData\Local\Programs\Python\Python314\Lib\site-packages\django\utils\log.py", line 246, in 
log_response
    getattr(logger, level)(
    ~~~~~~~~~~~~~~~~~~~~~~^
        message,
        ^^^^^^^^
    ...<5 lines>...
        exc_info=exception,
        ^^^^^^^^^^^^^^^^^^^
    )
    ^
  File "C:\Users\ONE GOD\AppData\Local\Programs\Python\Python314\Lib\logging\__init__.py", line 1549, in error
    self._log(ERROR, msg, args, **kwargs)
    ~~~~~~~~~^^^^^^^^^^^^^^^^^^^^^^^^^^^^
  File "C:\Users\ONE GOD\AppData\Local\Programs\Python\Python314\Lib\logging\__init__.py", line 1665, in _log
    self.handle(record)
    ~~~~~~~~~~~^^^^^^^^
  File "C:\Users\ONE GOD\AppData\Local\Programs\Python\Python314\Lib\logging\__init__.py", line 1681, in handle
    self.callHandlers(record)
    ~~~~~~~~~~~~~~~~~^^^^^^^^
  File "C:\Users\ONE GOD\AppData\Local\Programs\Python\Python314\Lib\logging\__init__.py", line 1737, in callHandlers
    hdlr.handle(record)
    ~~~~~~~~~~~^^^^^^^^
  File "C:\Users\ONE GOD\AppData\Local\Programs\Python\Python314\Lib\logging\__init__.py", line 1027, in handle
    self.emit(record)
    ~~~~~~~~~^^^^^^^^
  File "C:\Users\ONE GOD\AppData\Local\Programs\Python\Python314\Lib\site-packages\django\utils\log.py", line 125, in 
emit
    reporter.get_traceback_text(),
    ~~~~~~~~~~~~~~~~~~~~~~~~~~~^^
  File "C:\Users\ONE GOD\AppData\Local\Programs\Python\Python314\Lib\site-packages\django\views\debug.py", line 418, 
in get_traceback_text
    return t.render(c)
           ~~~~~~~~^^^
  File "C:\Users\ONE GOD\AppData\Local\Programs\Python\Python314\Lib\site-packages\django\template\base.py", line 175, 
in render
    return self._render(context)
           ~~~~~~~~~~~~^^^^^^^^^
  File "C:\Users\ONE GOD\AppData\Local\Programs\Python\Python314\Lib\site-packages\django\test\utils.py", line 111, in 
instrumented_test_render
    template_rendered.send(sender=self, template=self, context=context)
    ~~~~~~~~~~~~~~~~~~~~~~^^^^^^^^^^^^^^^^^^^^^^^^^^^^^^^^^^^^^^^^^^^^^
  File "C:\Users\ONE GOD\AppData\Local\Programs\Python\Python314\Lib\site-packages\django\dispatch\dispatcher.py", 
line 177, in send
    (receiver, receiver(signal=self, sender=sender, **named))
               ~~~~~~~~^^^^^^^^^^^^^^^^^^^^^^^^^^^^^^^^^^^^^
  File "C:\Users\ONE GOD\AppData\Local\Programs\Python\Python314\Lib\site-packages\django\test\client.py", line 267, 
in store_rendered_templates
    store["context"].append(copy(context))
                            ~~~~^^^^^^^^^
  File "C:\Users\ONE GOD\AppData\Local\Programs\Python\Python314\Lib\copy.py", line 82, in copy
    return copier(x)
  File "C:\Users\ONE GOD\AppData\Local\Programs\Python\Python314\Lib\site-packages\django\template\context.py", line 
158, in __copy__
    duplicate = super().__copy__()
  File "C:\Users\ONE GOD\AppData\Local\Programs\Python\Python314\Lib\site-packages\django\template\context.py", line 
39, in __copy__
    duplicate.dicts = self.dicts[:]
    ^^^^^^^^^^^^^^^
AttributeError: 'super' object has no attribute 'dicts' and no __dict__ for setting new attributes

======================================================================
ERROR: test_user_list_requires_manager_role (accounts.tests.ViewTests.test_user_list_requires_manager_role)
----------------------------------------------------------------------
Traceback (most recent call last):
  File "C:\Users\ONE GOD\AppData\Local\Programs\Python\Python314\Lib\site-packages\django\core\handlers\exception.py", 
line 55, in inner
    response = get_response(request)
  File "C:\Users\ONE GOD\AppData\Local\Programs\Python\Python314\Lib\site-packages\django\core\handlers\base.py", line 
197, in _get_response
    response = wrapped_callback(request, *callback_args, **callback_kwargs)
  File "C:\Users\ONE GOD\AppData\Local\Programs\Python\Python314\Lib\site-packages\django\contrib\auth\decorators.py", 
line 23, in _wrapper_view
    return view_func(request, *args, **kwargs)
  File "C:\Users\ONE GOD\Desktop\ChurchHub\accounts\views.py", line 78, in user_list
    return render(request, "accounts/user_list.html", {
        "users": users,
        "pending_invites": pending_invites,
        "q": q,
    })
  File "C:\Users\ONE GOD\AppData\Local\Programs\Python\Python314\Lib\site-packages\django\shortcuts.py", line 24, in 
render
    content = loader.render_to_string(template_name, context, request, using=using)
  File "C:\Users\ONE GOD\AppData\Local\Programs\Python\Python314\Lib\site-packages\django\template\loader.py", line 
62, in render_to_string
    return template.render(context, request)
           ~~~~~~~~~~~~~~~^^^^^^^^^^^^^^^^^^
  File "C:\Users\ONE 
GOD\AppData\Local\Programs\Python\Python314\Lib\site-packages\django\template\backends\django.py", line 61, in render
    return self.template.render(context)
           ~~~~~~~~~~~~~~~~~~~~^^^^^^^^^
  File "C:\Users\ONE GOD\AppData\Local\Programs\Python\Python314\Lib\site-packages\django\template\base.py", line 175, 
in render
    return self._render(context)
           ~~~~~~~~~~~~^^^^^^^^^
  File "C:\Users\ONE GOD\AppData\Local\Programs\Python\Python314\Lib\site-packages\django\test\utils.py", line 111, in 
instrumented_test_render
    template_rendered.send(sender=self, template=self, context=context)
    ~~~~~~~~~~~~~~~~~~~~~~^^^^^^^^^^^^^^^^^^^^^^^^^^^^^^^^^^^^^^^^^^^^^
  File "C:\Users\ONE GOD\AppData\Local\Programs\Python\Python314\Lib\site-packages\django\dispatch\dispatcher.py", 
line 177, in send
    (receiver, receiver(signal=self, sender=sender, **named))
               ~~~~~~~~^^^^^^^^^^^^^^^^^^^^^^^^^^^^^^^^^^^^^
  File "C:\Users\ONE GOD\AppData\Local\Programs\Python\Python314\Lib\site-packages\django\test\client.py", line 267, 
in store_rendered_templates
    store["context"].append(copy(context))
                            ~~~~^^^^^^^^^
  File "C:\Users\ONE GOD\AppData\Local\Programs\Python\Python314\Lib\copy.py", line 82, in copy
    return copier(x)
  File "C:\Users\ONE GOD\AppData\Local\Programs\Python\Python314\Lib\site-packages\django\template\context.py", line 
158, in __copy__
    duplicate = super().__copy__()
  File "C:\Users\ONE GOD\AppData\Local\Programs\Python\Python314\Lib\site-packages\django\template\context.py", line 
39, in __copy__
    duplicate.dicts = self.dicts[:]
    ^^^^^^^^^^^^^^^
AttributeError: 'super' object has no attribute 'dicts' and no __dict__ for setting new attributes

During handling of the above exception, another exception occurred:

Traceback (most recent call last):
  File "C:\Users\ONE GOD\AppData\Local\Programs\Python\Python314\Lib\site-packages\django\core\handlers\exception.py", 
line 55, in inner
    response = get_response(request)
  File "C:\Users\ONE GOD\AppData\Local\Programs\Python\Python314\Lib\site-packages\django\utils\deprecation.py", line 
134, in __call__
    response = response or self.get_response(request)
                           ~~~~~~~~~~~~~~~~~^^^^^^^^^
  File "C:\Users\ONE GOD\AppData\Local\Programs\Python\Python314\Lib\site-packages\django\core\handlers\exception.py", 
line 57, in inner
    response = response_for_exception(request, exc)
  File "C:\Users\ONE GOD\AppData\Local\Programs\Python\Python314\Lib\site-packages\django\core\handlers\exception.py", 
line 144, in response_for_exception
    log_response(
    ~~~~~~~~~~~~^
        "%s: %s",
        ^^^^^^^^^
    ...<4 lines>...
        exception=exc,
        ^^^^^^^^^^^^^^
    )
    ^
  File "C:\Users\ONE GOD\AppData\Local\Programs\Python\Python314\Lib\site-packages\django\utils\log.py", line 246, in 
log_response
    getattr(logger, level)(
    ~~~~~~~~~~~~~~~~~~~~~~^
        message,
        ^^^^^^^^
    ...<5 lines>...
        exc_info=exception,
        ^^^^^^^^^^^^^^^^^^^
    )
    ^
  File "C:\Users\ONE GOD\AppData\Local\Programs\Python\Python314\Lib\logging\__init__.py", line 1549, in error
    self._log(ERROR, msg, args, **kwargs)
    ~~~~~~~~~^^^^^^^^^^^^^^^^^^^^^^^^^^^^
  File "C:\Users\ONE GOD\AppData\Local\Programs\Python\Python314\Lib\logging\__init__.py", line 1665, in _log
    self.handle(record)
    ~~~~~~~~~~~^^^^^^^^
  File "C:\Users\ONE GOD\AppData\Local\Programs\Python\Python314\Lib\logging\__init__.py", line 1681, in handle
    self.callHandlers(record)
    ~~~~~~~~~~~~~~~~~^^^^^^^^
  File "C:\Users\ONE GOD\AppData\Local\Programs\Python\Python314\Lib\logging\__init__.py", line 1737, in callHandlers
    hdlr.handle(record)
    ~~~~~~~~~~~^^^^^^^^
  File "C:\Users\ONE GOD\AppData\Local\Programs\Python\Python314\Lib\logging\__init__.py", line 1027, in handle
    self.emit(record)
    ~~~~~~~~~^^^^^^^^
  File "C:\Users\ONE GOD\AppData\Local\Programs\Python\Python314\Lib\site-packages\django\utils\log.py", line 125, in 
emit
    reporter.get_traceback_text(),
    ~~~~~~~~~~~~~~~~~~~~~~~~~~~^^
  File "C:\Users\ONE GOD\AppData\Local\Programs\Python\Python314\Lib\site-packages\django\views\debug.py", line 418, 
in get_traceback_text
    return t.render(c)
           ~~~~~~~~^^^
  File "C:\Users\ONE GOD\AppData\Local\Programs\Python\Python314\Lib\site-packages\django\template\base.py", line 175, 
in render
    return self._render(context)
           ~~~~~~~~~~~~^^^^^^^^^
  File "C:\Users\ONE GOD\AppData\Local\Programs\Python\Python314\Lib\site-packages\django\test\utils.py", line 111, in 
instrumented_test_render
    template_rendered.send(sender=self, template=self, context=context)
    ~~~~~~~~~~~~~~~~~~~~~~^^^^^^^^^^^^^^^^^^^^^^^^^^^^^^^^^^^^^^^^^^^^^
  File "C:\Users\ONE GOD\AppData\Local\Programs\Python\Python314\Lib\site-packages\django\dispatch\dispatcher.py", 
line 177, in send
    (receiver, receiver(signal=self, sender=sender, **named))
               ~~~~~~~~^^^^^^^^^^^^^^^^^^^^^^^^^^^^^^^^^^^^^
  File "C:\Users\ONE GOD\AppData\Local\Programs\Python\Python314\Lib\site-packages\django\test\client.py", line 267, 
in store_rendered_templates
    store["context"].append(copy(context))
                            ~~~~^^^^^^^^^
  File "C:\Users\ONE GOD\AppData\Local\Programs\Python\Python314\Lib\copy.py", line 82, in copy
    return copier(x)
  File "C:\Users\ONE GOD\AppData\Local\Programs\Python\Python314\Lib\site-packages\django\template\context.py", line 
158, in __copy__
    duplicate = super().__copy__()
  File "C:\Users\ONE GOD\AppData\Local\Programs\Python\Python314\Lib\site-packages\django\template\context.py", line 
39, in __copy__
    duplicate.dicts = self.dicts[:]
    ^^^^^^^^^^^^^^^
AttributeError: 'super' object has no attribute 'dicts' and no __dict__ for setting new attributes

During handling of the above exception, another exception occurred:

Traceback (most recent call last):
  File "C:\Users\ONE GOD\AppData\Local\Programs\Python\Python314\Lib\site-packages\django\core\handlers\exception.py", 
line 55, in inner
    response = get_response(request)
  File "C:\Users\ONE GOD\AppData\Local\Programs\Python\Python314\Lib\site-packages\django\utils\deprecation.py", line 
134, in __call__
    response = response or self.get_response(request)
                           ~~~~~~~~~~~~~~~~~^^^^^^^^^
  File "C:\Users\ONE GOD\AppData\Local\Programs\Python\Python314\Lib\site-packages\django\core\handlers\exception.py", 
line 57, in inner
    response = response_for_exception(request, exc)
  File "C:\Users\ONE GOD\AppData\Local\Programs\Python\Python314\Lib\site-packages\django\core\handlers\exception.py", 
line 144, in response_for_exception
    log_response(
    ~~~~~~~~~~~~^
        "%s: %s",
        ^^^^^^^^^
    ...<4 lines>...
        exception=exc,
        ^^^^^^^^^^^^^^
    )
    ^
  File "C:\Users\ONE GOD\AppData\Local\Programs\Python\Python314\Lib\site-packages\django\utils\log.py", line 246, in 
log_response
    getattr(logger, level)(
    ~~~~~~~~~~~~~~~~~~~~~~^
        message,
        ^^^^^^^^
    ...<5 lines>...
        exc_info=exception,
        ^^^^^^^^^^^^^^^^^^^
    )
    ^
  File "C:\Users\ONE GOD\AppData\Local\Programs\Python\Python314\Lib\logging\__init__.py", line 1549, in error
    self._log(ERROR, msg, args, **kwargs)
    ~~~~~~~~~^^^^^^^^^^^^^^^^^^^^^^^^^^^^
  File "C:\Users\ONE GOD\AppData\Local\Programs\Python\Python314\Lib\logging\__init__.py", line 1665, in _log
    self.handle(record)
    ~~~~~~~~~~~^^^^^^^^
  File "C:\Users\ONE GOD\AppData\Local\Programs\Python\Python314\Lib\logging\__init__.py", line 1681, in handle
    self.callHandlers(record)
    ~~~~~~~~~~~~~~~~~^^^^^^^^
  File "C:\Users\ONE GOD\AppData\Local\Programs\Python\Python314\Lib\logging\__init__.py", line 1737, in callHandlers
    hdlr.handle(record)
    ~~~~~~~~~~~^^^^^^^^
  File "C:\Users\ONE GOD\AppData\Local\Programs\Python\Python314\Lib\logging\__init__.py", line 1027, in handle
    self.emit(record)
    ~~~~~~~~~^^^^^^^^
  File "C:\Users\ONE GOD\AppData\Local\Programs\Python\Python314\Lib\site-packages\django\utils\log.py", line 125, in 
emit
    reporter.get_traceback_text(),
    ~~~~~~~~~~~~~~~~~~~~~~~~~~~^^
  File "C:\Users\ONE GOD\AppData\Local\Programs\Python\Python314\Lib\site-packages\django\views\debug.py", line 418, 
in get_traceback_text
    return t.render(c)
           ~~~~~~~~^^^
  File "C:\Users\ONE GOD\AppData\Local\Programs\Python\Python314\Lib\site-packages\django\template\base.py", line 175, 
in render
    return self._render(context)
           ~~~~~~~~~~~~^^^^^^^^^
  File "C:\Users\ONE GOD\AppData\Local\Programs\Python\Python314\Lib\site-packages\django\test\utils.py", line 111, in 
instrumented_test_render
    template_rendered.send(sender=self, template=self, context=context)
    ~~~~~~~~~~~~~~~~~~~~~~^^^^^^^^^^^^^^^^^^^^^^^^^^^^^^^^^^^^^^^^^^^^^
  File "C:\Users\ONE GOD\AppData\Local\Programs\Python\Python314\Lib\site-packages\django\dispatch\dispatcher.py", 
line 177, in send
    (receiver, receiver(signal=self, sender=sender, **named))
               ~~~~~~~~^^^^^^^^^^^^^^^^^^^^^^^^^^^^^^^^^^^^^
  File "C:\Users\ONE GOD\AppData\Local\Programs\Python\Python314\Lib\site-packages\django\test\client.py", line 267, 
in store_rendered_templates
    store["context"].append(copy(context))
                            ~~~~^^^^^^^^^
  File "C:\Users\ONE GOD\AppData\Local\Programs\Python\Python314\Lib\copy.py", line 82, in copy
    return copier(x)
  File "C:\Users\ONE GOD\AppData\Local\Programs\Python\Python314\Lib\site-packages\django\template\context.py", line 
158, in __copy__
    duplicate = super().__copy__()
  File "C:\Users\ONE GOD\AppData\Local\Programs\Python\Python314\Lib\site-packages\django\template\context.py", line 
39, in __copy__
    duplicate.dicts = self.dicts[:]
    ^^^^^^^^^^^^^^^
AttributeError: 'super' object has no attribute 'dicts' and no __dict__ for setting new attributes

During handling of the above exception, another exception occurred:

Traceback (most recent call last):
  File "C:\Users\ONE GOD\AppData\Local\Programs\Python\Python314\Lib\site-packages\django\core\handlers\exception.py", 
line 55, in inner
    response = get_response(request)
  File "C:\Users\ONE GOD\Desktop\ChurchHub\accounts\middleware.py", line 47, in __call__
    return self.get_response(request)
           ~~~~~~~~~~~~~~~~~^^^^^^^^^
  File "C:\Users\ONE GOD\AppData\Local\Programs\Python\Python314\Lib\site-packages\django\core\handlers\exception.py", 
line 57, in inner
    response = response_for_exception(request, exc)
  File "C:\Users\ONE GOD\AppData\Local\Programs\Python\Python314\Lib\site-packages\django\core\handlers\exception.py", 
line 144, in response_for_exception
    log_response(
    ~~~~~~~~~~~~^
        "%s: %s",
        ^^^^^^^^^
    ...<4 lines>...
        exception=exc,
        ^^^^^^^^^^^^^^
    )
    ^
  File "C:\Users\ONE GOD\AppData\Local\Programs\Python\Python314\Lib\site-packages\django\utils\log.py", line 246, in 
log_response
    getattr(logger, level)(
    ~~~~~~~~~~~~~~~~~~~~~~^
        message,
        ^^^^^^^^
    ...<5 lines>...
        exc_info=exception,
        ^^^^^^^^^^^^^^^^^^^
    )
    ^
  File "C:\Users\ONE GOD\AppData\Local\Programs\Python\Python314\Lib\logging\__init__.py", line 1549, in error
    self._log(ERROR, msg, args, **kwargs)
    ~~~~~~~~~^^^^^^^^^^^^^^^^^^^^^^^^^^^^
  File "C:\Users\ONE GOD\AppData\Local\Programs\Python\Python314\Lib\logging\__init__.py", line 1665, in _log
    self.handle(record)
    ~~~~~~~~~~~^^^^^^^^
  File "C:\Users\ONE GOD\AppData\Local\Programs\Python\Python314\Lib\logging\__init__.py", line 1681, in handle
    self.callHandlers(record)
    ~~~~~~~~~~~~~~~~~^^^^^^^^
  File "C:\Users\ONE GOD\AppData\Local\Programs\Python\Python314\Lib\logging\__init__.py", line 1737, in callHandlers
    hdlr.handle(record)
    ~~~~~~~~~~~^^^^^^^^
  File "C:\Users\ONE GOD\AppData\Local\Programs\Python\Python314\Lib\logging\__init__.py", line 1027, in handle
    self.emit(record)
    ~~~~~~~~~^^^^^^^^
  File "C:\Users\ONE GOD\AppData\Local\Programs\Python\Python314\Lib\site-packages\django\utils\log.py", line 125, in 
emit
    reporter.get_traceback_text(),
    ~~~~~~~~~~~~~~~~~~~~~~~~~~~^^
  File "C:\Users\ONE GOD\AppData\Local\Programs\Python\Python314\Lib\site-packages\django\views\debug.py", line 418, 
in get_traceback_text
    return t.render(c)
           ~~~~~~~~^^^
  File "C:\Users\ONE GOD\AppData\Local\Programs\Python\Python314\Lib\site-packages\django\template\base.py", line 175, 
in render
    return self._render(context)
           ~~~~~~~~~~~~^^^^^^^^^
  File "C:\Users\ONE GOD\AppData\Local\Programs\Python\Python314\Lib\site-packages\django\test\utils.py", line 111, in 
instrumented_test_render
    template_rendered.send(sender=self, template=self, context=context)
    ~~~~~~~~~~~~~~~~~~~~~~^^^^^^^^^^^^^^^^^^^^^^^^^^^^^^^^^^^^^^^^^^^^^
  File "C:\Users\ONE GOD\AppData\Local\Programs\Python\Python314\Lib\site-packages\django\dispatch\dispatcher.py", 
line 177, in send
    (receiver, receiver(signal=self, sender=sender, **named))
               ~~~~~~~~^^^^^^^^^^^^^^^^^^^^^^^^^^^^^^^^^^^^^
  File "C:\Users\ONE GOD\AppData\Local\Programs\Python\Python314\Lib\site-packages\django\test\client.py", line 267, 
in store_rendered_templates
    store["context"].append(copy(context))
                            ~~~~^^^^^^^^^
  File "C:\Users\ONE GOD\AppData\Local\Programs\Python\Python314\Lib\copy.py", line 82, in copy
    return copier(x)
  File "C:\Users\ONE GOD\AppData\Local\Programs\Python\Python314\Lib\site-packages\django\template\context.py", line 
158, in __copy__
    duplicate = super().__copy__()
  File "C:\Users\ONE GOD\AppData\Local\Programs\Python\Python314\Lib\site-packages\django\template\context.py", line 
39, in __copy__
    duplicate.dicts = self.dicts[:]
    ^^^^^^^^^^^^^^^
AttributeError: 'super' object has no attribute 'dicts' and no __dict__ for setting new attributes

During handling of the above exception, another exception occurred:

Traceback (most recent call last):
  File "C:\Users\ONE GOD\AppData\Local\Programs\Python\Python314\Lib\site-packages\django\core\handlers\exception.py", 
line 55, in inner
    response = get_response(request)
  File "C:\Users\ONE GOD\AppData\Local\Programs\Python\Python314\Lib\site-packages\django\utils\deprecation.py", line 
134, in __call__
    response = response or self.get_response(request)
                           ~~~~~~~~~~~~~~~~~^^^^^^^^^
  File "C:\Users\ONE GOD\AppData\Local\Programs\Python\Python314\Lib\site-packages\django\core\handlers\exception.py", 
line 57, in inner
    response = response_for_exception(request, exc)
  File "C:\Users\ONE GOD\AppData\Local\Programs\Python\Python314\Lib\site-packages\django\core\handlers\exception.py", 
line 144, in response_for_exception
    log_response(
    ~~~~~~~~~~~~^
        "%s: %s",
        ^^^^^^^^^
    ...<4 lines>...
        exception=exc,
        ^^^^^^^^^^^^^^
    )
    ^
  File "C:\Users\ONE GOD\AppData\Local\Programs\Python\Python314\Lib\site-packages\django\utils\log.py", line 246, in 
log_response
    getattr(logger, level)(
    ~~~~~~~~~~~~~~~~~~~~~~^
        message,
        ^^^^^^^^
    ...<5 lines>...
        exc_info=exception,
        ^^^^^^^^^^^^^^^^^^^
    )
    ^
  File "C:\Users\ONE GOD\AppData\Local\Programs\Python\Python314\Lib\logging\__init__.py", line 1549, in error
    self._log(ERROR, msg, args, **kwargs)
    ~~~~~~~~~^^^^^^^^^^^^^^^^^^^^^^^^^^^^
  File "C:\Users\ONE GOD\AppData\Local\Programs\Python\Python314\Lib\logging\__init__.py", line 1665, in _log
    self.handle(record)
    ~~~~~~~~~~~^^^^^^^^
  File "C:\Users\ONE GOD\AppData\Local\Programs\Python\Python314\Lib\logging\__init__.py", line 1681, in handle
    self.callHandlers(record)
    ~~~~~~~~~~~~~~~~~^^^^^^^^
  File "C:\Users\ONE GOD\AppData\Local\Programs\Python\Python314\Lib\logging\__init__.py", line 1737, in callHandlers
    hdlr.handle(record)
    ~~~~~~~~~~~^^^^^^^^
  File "C:\Users\ONE GOD\AppData\Local\Programs\Python\Python314\Lib\logging\__init__.py", line 1027, in handle
    self.emit(record)
    ~~~~~~~~~^^^^^^^^
  File "C:\Users\ONE GOD\AppData\Local\Programs\Python\Python314\Lib\site-packages\django\utils\log.py", line 125, in 
emit
    reporter.get_traceback_text(),
    ~~~~~~~~~~~~~~~~~~~~~~~~~~~^^
  File "C:\Users\ONE GOD\AppData\Local\Programs\Python\Python314\Lib\site-packages\django\views\debug.py", line 418, 
in get_traceback_text
    return t.render(c)
           ~~~~~~~~^^^
  File "C:\Users\ONE GOD\AppData\Local\Programs\Python\Python314\Lib\site-packages\django\template\base.py", line 175, 
in render
    return self._render(context)
           ~~~~~~~~~~~~^^^^^^^^^
  File "C:\Users\ONE GOD\AppData\Local\Programs\Python\Python314\Lib\site-packages\django\test\utils.py", line 111, in 
instrumented_test_render
    template_rendered.send(sender=self, template=self, context=context)
    ~~~~~~~~~~~~~~~~~~~~~~^^^^^^^^^^^^^^^^^^^^^^^^^^^^^^^^^^^^^^^^^^^^^
  File "C:\Users\ONE GOD\AppData\Local\Programs\Python\Python314\Lib\site-packages\django\dispatch\dispatcher.py", 
line 177, in send
    (receiver, receiver(signal=self, sender=sender, **named))
               ~~~~~~~~^^^^^^^^^^^^^^^^^^^^^^^^^^^^^^^^^^^^^
  File "C:\Users\ONE GOD\AppData\Local\Programs\Python\Python314\Lib\site-packages\django\test\client.py", line 267, 
in store_rendered_templates
    store["context"].append(copy(context))
                            ~~~~^^^^^^^^^
  File "C:\Users\ONE GOD\AppData\Local\Programs\Python\Python314\Lib\copy.py", line 82, in copy
    return copier(x)
  File "C:\Users\ONE GOD\AppData\Local\Programs\Python\Python314\Lib\site-packages\django\template\context.py", line 
158, in __copy__
    duplicate = super().__copy__()
  File "C:\Users\ONE GOD\AppData\Local\Programs\Python\Python314\Lib\site-packages\django\template\context.py", line 
39, in __copy__
    duplicate.dicts = self.dicts[:]
    ^^^^^^^^^^^^^^^
AttributeError: 'super' object has no attribute 'dicts' and no __dict__ for setting new attributes

During handling of the above exception, another exception occurred:

Traceback (most recent call last):
  File "C:\Users\ONE GOD\AppData\Local\Programs\Python\Python314\Lib\site-packages\django\core\handlers\exception.py", 
line 55, in inner
    response = get_response(request)
  File "C:\Users\ONE GOD\AppData\Local\Programs\Python\Python314\Lib\site-packages\django\utils\deprecation.py", line 
134, in __call__
    response = response or self.get_response(request)
                           ~~~~~~~~~~~~~~~~~^^^^^^^^^
  File "C:\Users\ONE GOD\AppData\Local\Programs\Python\Python314\Lib\site-packages\django\core\handlers\exception.py", 
line 57, in inner
    response = response_for_exception(request, exc)
  File "C:\Users\ONE GOD\AppData\Local\Programs\Python\Python314\Lib\site-packages\django\core\handlers\exception.py", 
line 144, in response_for_exception
    log_response(
    ~~~~~~~~~~~~^
        "%s: %s",
        ^^^^^^^^^
    ...<4 lines>...
        exception=exc,
        ^^^^^^^^^^^^^^
    )
    ^
  File "C:\Users\ONE GOD\AppData\Local\Programs\Python\Python314\Lib\site-packages\django\utils\log.py", line 246, in 
log_response
    getattr(logger, level)(
    ~~~~~~~~~~~~~~~~~~~~~~^
        message,
        ^^^^^^^^
    ...<5 lines>...
        exc_info=exception,
        ^^^^^^^^^^^^^^^^^^^
    )
    ^
  File "C:\Users\ONE GOD\AppData\Local\Programs\Python\Python314\Lib\logging\__init__.py", line 1549, in error
    self._log(ERROR, msg, args, **kwargs)
    ~~~~~~~~~^^^^^^^^^^^^^^^^^^^^^^^^^^^^
  File "C:\Users\ONE GOD\AppData\Local\Programs\Python\Python314\Lib\logging\__init__.py", line 1665, in _log
    self.handle(record)
    ~~~~~~~~~~~^^^^^^^^
  File "C:\Users\ONE GOD\AppData\Local\Programs\Python\Python314\Lib\logging\__init__.py", line 1681, in handle
    self.callHandlers(record)
    ~~~~~~~~~~~~~~~~~^^^^^^^^
  File "C:\Users\ONE GOD\AppData\Local\Programs\Python\Python314\Lib\logging\__init__.py", line 1737, in callHandlers
    hdlr.handle(record)
    ~~~~~~~~~~~^^^^^^^^
  File "C:\Users\ONE GOD\AppData\Local\Programs\Python\Python314\Lib\logging\__init__.py", line 1027, in handle
    self.emit(record)
    ~~~~~~~~~^^^^^^^^
  File "C:\Users\ONE GOD\AppData\Local\Programs\Python\Python314\Lib\site-packages\django\utils\log.py", line 125, in 
emit
    reporter.get_traceback_text(),
    ~~~~~~~~~~~~~~~~~~~~~~~~~~~^^
  File "C:\Users\ONE GOD\AppData\Local\Programs\Python\Python314\Lib\site-packages\django\views\debug.py", line 418, 
in get_traceback_text
    return t.render(c)
           ~~~~~~~~^^^
  File "C:\Users\ONE GOD\AppData\Local\Programs\Python\Python314\Lib\site-packages\django\template\base.py", line 175, 
in render
    return self._render(context)
           ~~~~~~~~~~~~^^^^^^^^^
  File "C:\Users\ONE GOD\AppData\Local\Programs\Python\Python314\Lib\site-packages\django\test\utils.py", line 111, in 
instrumented_test_render
    template_rendered.send(sender=self, template=self, context=context)
    ~~~~~~~~~~~~~~~~~~~~~~^^^^^^^^^^^^^^^^^^^^^^^^^^^^^^^^^^^^^^^^^^^^^
  File "C:\Users\ONE GOD\AppData\Local\Programs\Python\Python314\Lib\site-packages\django\dispatch\dispatcher.py", 
line 177, in send
    (receiver, receiver(signal=self, sender=sender, **named))
               ~~~~~~~~^^^^^^^^^^^^^^^^^^^^^^^^^^^^^^^^^^^^^
  File "C:\Users\ONE GOD\AppData\Local\Programs\Python\Python314\Lib\site-packages\django\test\client.py", line 267, 
in store_rendered_templates
    store["context"].append(copy(context))
                            ~~~~^^^^^^^^^
  File "C:\Users\ONE GOD\AppData\Local\Programs\Python\Python314\Lib\copy.py", line 82, in copy
    return copier(x)
  File "C:\Users\ONE GOD\AppData\Local\Programs\Python\Python314\Lib\site-packages\django\template\context.py", line 
158, in __copy__
    duplicate = super().__copy__()
  File "C:\Users\ONE GOD\AppData\Local\Programs\Python\Python314\Lib\site-packages\django\template\context.py", line 
39, in __copy__
    duplicate.dicts = self.dicts[:]
    ^^^^^^^^^^^^^^^
AttributeError: 'super' object has no attribute 'dicts' and no __dict__ for setting new attributes

During handling of the above exception, another exception occurred:

Traceback (most recent call last):
  File "C:\Users\ONE GOD\AppData\Local\Programs\Python\Python314\Lib\site-packages\django\core\handlers\exception.py", 
line 55, in inner
    response = get_response(request)
  File "C:\Users\ONE GOD\AppData\Local\Programs\Python\Python314\Lib\site-packages\django\utils\deprecation.py", line 
134, in __call__
    response = response or self.get_response(request)
                           ~~~~~~~~~~~~~~~~~^^^^^^^^^
  File "C:\Users\ONE GOD\AppData\Local\Programs\Python\Python314\Lib\site-packages\django\core\handlers\exception.py", 
line 57, in inner
    response = response_for_exception(request, exc)
  File "C:\Users\ONE GOD\AppData\Local\Programs\Python\Python314\Lib\site-packages\django\core\handlers\exception.py", 
line 144, in response_for_exception
    log_response(
    ~~~~~~~~~~~~^
        "%s: %s",
        ^^^^^^^^^
    ...<4 lines>...
        exception=exc,
        ^^^^^^^^^^^^^^
    )
    ^
  File "C:\Users\ONE GOD\AppData\Local\Programs\Python\Python314\Lib\site-packages\django\utils\log.py", line 246, in 
log_response
    getattr(logger, level)(
    ~~~~~~~~~~~~~~~~~~~~~~^
        message,
        ^^^^^^^^
    ...<5 lines>...
        exc_info=exception,
        ^^^^^^^^^^^^^^^^^^^
    )
    ^
  File "C:\Users\ONE GOD\AppData\Local\Programs\Python\Python314\Lib\logging\__init__.py", line 1549, in error
    self._log(ERROR, msg, args, **kwargs)
    ~~~~~~~~~^^^^^^^^^^^^^^^^^^^^^^^^^^^^
  File "C:\Users\ONE GOD\AppData\Local\Programs\Python\Python314\Lib\logging\__init__.py", line 1665, in _log
    self.handle(record)
    ~~~~~~~~~~~^^^^^^^^
  File "C:\Users\ONE GOD\AppData\Local\Programs\Python\Python314\Lib\logging\__init__.py", line 1681, in handle
    self.callHandlers(record)
    ~~~~~~~~~~~~~~~~~^^^^^^^^
  File "C:\Users\ONE GOD\AppData\Local\Programs\Python\Python314\Lib\logging\__init__.py", line 1737, in callHandlers
    hdlr.handle(record)
    ~~~~~~~~~~~^^^^^^^^
  File "C:\Users\ONE GOD\AppData\Local\Programs\Python\Python314\Lib\logging\__init__.py", line 1027, in handle
    self.emit(record)
    ~~~~~~~~~^^^^^^^^
  File "C:\Users\ONE GOD\AppData\Local\Programs\Python\Python314\Lib\site-packages\django\utils\log.py", line 125, in 
emit
    reporter.get_traceback_text(),
    ~~~~~~~~~~~~~~~~~~~~~~~~~~~^^
  File "C:\Users\ONE GOD\AppData\Local\Programs\Python\Python314\Lib\site-packages\django\views\debug.py", line 418, 
in get_traceback_text
    return t.render(c)
           ~~~~~~~~^^^
  File "C:\Users\ONE GOD\AppData\Local\Programs\Python\Python314\Lib\site-packages\django\template\base.py", line 175, 
in render
    return self._render(context)
           ~~~~~~~~~~~~^^^^^^^^^
  File "C:\Users\ONE GOD\AppData\Local\Programs\Python\Python314\Lib\site-packages\django\test\utils.py", line 111, in 
instrumented_test_render
    template_rendered.send(sender=self, template=self, context=context)
    ~~~~~~~~~~~~~~~~~~~~~~^^^^^^^^^^^^^^^^^^^^^^^^^^^^^^^^^^^^^^^^^^^^^
  File "C:\Users\ONE GOD\AppData\Local\Programs\Python\Python314\Lib\site-packages\django\dispatch\dispatcher.py", 
line 177, in send
    (receiver, receiver(signal=self, sender=sender, **named))
               ~~~~~~~~^^^^^^^^^^^^^^^^^^^^^^^^^^^^^^^^^^^^^
  File "C:\Users\ONE GOD\AppData\Local\Programs\Python\Python314\Lib\site-packages\django\test\client.py", line 267, 
in store_rendered_templates
    store["context"].append(copy(context))
                            ~~~~^^^^^^^^^
  File "C:\Users\ONE GOD\AppData\Local\Programs\Python\Python314\Lib\copy.py", line 82, in copy
    return copier(x)
  File "C:\Users\ONE GOD\AppData\Local\Programs\Python\Python314\Lib\site-packages\django\template\context.py", line 
158, in __copy__
    duplicate = super().__copy__()
  File "C:\Users\ONE GOD\AppData\Local\Programs\Python\Python314\Lib\site-packages\django\template\context.py", line 
39, in __copy__
    duplicate.dicts = self.dicts[:]
    ^^^^^^^^^^^^^^^
AttributeError: 'super' object has no attribute 'dicts' and no __dict__ for setting new attributes

During handling of the above exception, another exception occurred:

Traceback (most recent call last):
  File "C:\Users\ONE GOD\AppData\Local\Programs\Python\Python314\Lib\site-packages\django\core\handlers\exception.py", 
line 55, in inner
    response = get_response(request)
  File "C:\Users\ONE GOD\AppData\Local\Programs\Python\Python314\Lib\site-packages\django\utils\deprecation.py", line 
134, in __call__
    response = response or self.get_response(request)
                           ~~~~~~~~~~~~~~~~~^^^^^^^^^
  File "C:\Users\ONE GOD\AppData\Local\Programs\Python\Python314\Lib\site-packages\django\core\handlers\exception.py", 
line 57, in inner
    response = response_for_exception(request, exc)
  File "C:\Users\ONE GOD\AppData\Local\Programs\Python\Python314\Lib\site-packages\django\core\handlers\exception.py", 
line 144, in response_for_exception
    log_response(
    ~~~~~~~~~~~~^
        "%s: %s",
        ^^^^^^^^^
    ...<4 lines>...
        exception=exc,
        ^^^^^^^^^^^^^^
    )
    ^
  File "C:\Users\ONE GOD\AppData\Local\Programs\Python\Python314\Lib\site-packages\django\utils\log.py", line 246, in 
log_response
    getattr(logger, level)(
    ~~~~~~~~~~~~~~~~~~~~~~^
        message,
        ^^^^^^^^
    ...<5 lines>...
        exc_info=exception,
        ^^^^^^^^^^^^^^^^^^^
    )
    ^
  File "C:\Users\ONE GOD\AppData\Local\Programs\Python\Python314\Lib\logging\__init__.py", line 1549, in error
    self._log(ERROR, msg, args, **kwargs)
    ~~~~~~~~~^^^^^^^^^^^^^^^^^^^^^^^^^^^^
  File "C:\Users\ONE GOD\AppData\Local\Programs\Python\Python314\Lib\logging\__init__.py", line 1665, in _log
    self.handle(record)
    ~~~~~~~~~~~^^^^^^^^
  File "C:\Users\ONE GOD\AppData\Local\Programs\Python\Python314\Lib\logging\__init__.py", line 1681, in handle
    self.callHandlers(record)
    ~~~~~~~~~~~~~~~~~^^^^^^^^
  File "C:\Users\ONE GOD\AppData\Local\Programs\Python\Python314\Lib\logging\__init__.py", line 1737, in callHandlers
    hdlr.handle(record)
    ~~~~~~~~~~~^^^^^^^^
  File "C:\Users\ONE GOD\AppData\Local\Programs\Python\Python314\Lib\logging\__init__.py", line 1027, in handle
    self.emit(record)
    ~~~~~~~~~^^^^^^^^
  File "C:\Users\ONE GOD\AppData\Local\Programs\Python\Python314\Lib\site-packages\django\utils\log.py", line 125, in 
emit
    reporter.get_traceback_text(),
    ~~~~~~~~~~~~~~~~~~~~~~~~~~~^^
  File "C:\Users\ONE GOD\AppData\Local\Programs\Python\Python314\Lib\site-packages\django\views\debug.py", line 418, 
in get_traceback_text
    return t.render(c)
           ~~~~~~~~^^^
  File "C:\Users\ONE GOD\AppData\Local\Programs\Python\Python314\Lib\site-packages\django\template\base.py", line 175, 
in render
    return self._render(context)
           ~~~~~~~~~~~~^^^^^^^^^
  File "C:\Users\ONE GOD\AppData\Local\Programs\Python\Python314\Lib\site-packages\django\test\utils.py", line 111, in 
instrumented_test_render
    template_rendered.send(sender=self, template=self, context=context)
    ~~~~~~~~~~~~~~~~~~~~~~^^^^^^^^^^^^^^^^^^^^^^^^^^^^^^^^^^^^^^^^^^^^^
  File "C:\Users\ONE GOD\AppData\Local\Programs\Python\Python314\Lib\site-packages\django\dispatch\dispatcher.py", 
line 177, in send
    (receiver, receiver(signal=self, sender=sender, **named))
               ~~~~~~~~^^^^^^^^^^^^^^^^^^^^^^^^^^^^^^^^^^^^^
  File "C:\Users\ONE GOD\AppData\Local\Programs\Python\Python314\Lib\site-packages\django\test\client.py", line 267, 
in store_rendered_templates
    store["context"].append(copy(context))
                            ~~~~^^^^^^^^^
  File "C:\Users\ONE GOD\AppData\Local\Programs\Python\Python314\Lib\copy.py", line 82, in copy
    return copier(x)
  File "C:\Users\ONE GOD\AppData\Local\Programs\Python\Python314\Lib\site-packages\django\template\context.py", line 
158, in __copy__
    duplicate = super().__copy__()
  File "C:\Users\ONE GOD\AppData\Local\Programs\Python\Python314\Lib\site-packages\django\template\context.py", line 
39, in __copy__
    duplicate.dicts = self.dicts[:]
    ^^^^^^^^^^^^^^^
AttributeError: 'super' object has no attribute 'dicts' and no __dict__ for setting new attributes

During handling of the above exception, another exception occurred:

Traceback (most recent call last):
  File "C:\Users\ONE GOD\AppData\Local\Programs\Python\Python314\Lib\site-packages\django\core\handlers\exception.py", 
line 55, in inner
    response = get_response(request)
  File "C:\Users\ONE GOD\AppData\Local\Programs\Python\Python314\Lib\site-packages\django\utils\deprecation.py", line 
134, in __call__
    response = response or self.get_response(request)
                           ~~~~~~~~~~~~~~~~~^^^^^^^^^
  File "C:\Users\ONE GOD\AppData\Local\Programs\Python\Python314\Lib\site-packages\django\core\handlers\exception.py", 
line 57, in inner
    response = response_for_exception(request, exc)
  File "C:\Users\ONE GOD\AppData\Local\Programs\Python\Python314\Lib\site-packages\django\core\handlers\exception.py", 
line 144, in response_for_exception
    log_response(
    ~~~~~~~~~~~~^
        "%s: %s",
        ^^^^^^^^^
    ...<4 lines>...
        exception=exc,
        ^^^^^^^^^^^^^^
    )
    ^
  File "C:\Users\ONE GOD\AppData\Local\Programs\Python\Python314\Lib\site-packages\django\utils\log.py", line 246, in 
log_response
    getattr(logger, level)(
    ~~~~~~~~~~~~~~~~~~~~~~^
        message,
        ^^^^^^^^
    ...<5 lines>...
        exc_info=exception,
        ^^^^^^^^^^^^^^^^^^^
    )
    ^
  File "C:\Users\ONE GOD\AppData\Local\Programs\Python\Python314\Lib\logging\__init__.py", line 1549, in error
    self._log(ERROR, msg, args, **kwargs)
    ~~~~~~~~~^^^^^^^^^^^^^^^^^^^^^^^^^^^^
  File "C:\Users\ONE GOD\AppData\Local\Programs\Python\Python314\Lib\logging\__init__.py", line 1665, in _log
    self.handle(record)
    ~~~~~~~~~~~^^^^^^^^
  File "C:\Users\ONE GOD\AppData\Local\Programs\Python\Python314\Lib\logging\__init__.py", line 1681, in handle
    self.callHandlers(record)
    ~~~~~~~~~~~~~~~~~^^^^^^^^
  File "C:\Users\ONE GOD\AppData\Local\Programs\Python\Python314\Lib\logging\__init__.py", line 1737, in callHandlers
    hdlr.handle(record)
    ~~~~~~~~~~~^^^^^^^^
  File "C:\Users\ONE GOD\AppData\Local\Programs\Python\Python314\Lib\logging\__init__.py", line 1027, in handle
    self.emit(record)
    ~~~~~~~~~^^^^^^^^
  File "C:\Users\ONE GOD\AppData\Local\Programs\Python\Python314\Lib\site-packages\django\utils\log.py", line 125, in 
emit
    reporter.get_traceback_text(),
    ~~~~~~~~~~~~~~~~~~~~~~~~~~~^^
  File "C:\Users\ONE GOD\AppData\Local\Programs\Python\Python314\Lib\site-packages\django\views\debug.py", line 418, 
in get_traceback_text
    return t.render(c)
           ~~~~~~~~^^^
  File "C:\Users\ONE GOD\AppData\Local\Programs\Python\Python314\Lib\site-packages\django\template\base.py", line 175, 
in render
    return self._render(context)
           ~~~~~~~~~~~~^^^^^^^^^
  File "C:\Users\ONE GOD\AppData\Local\Programs\Python\Python314\Lib\site-packages\django\test\utils.py", line 111, in 
instrumented_test_render
    template_rendered.send(sender=self, template=self, context=context)
    ~~~~~~~~~~~~~~~~~~~~~~^^^^^^^^^^^^^^^^^^^^^^^^^^^^^^^^^^^^^^^^^^^^^
  File "C:\Users\ONE GOD\AppData\Local\Programs\Python\Python314\Lib\site-packages\django\dispatch\dispatcher.py", 
line 177, in send
    (receiver, receiver(signal=self, sender=sender, **named))
               ~~~~~~~~^^^^^^^^^^^^^^^^^^^^^^^^^^^^^^^^^^^^^
  File "C:\Users\ONE GOD\AppData\Local\Programs\Python\Python314\Lib\site-packages\django\test\client.py", line 267, 
in store_rendered_templates
    store["context"].append(copy(context))
                            ~~~~^^^^^^^^^
  File "C:\Users\ONE GOD\AppData\Local\Programs\Python\Python314\Lib\copy.py", line 82, in copy
    return copier(x)
  File "C:\Users\ONE GOD\AppData\Local\Programs\Python\Python314\Lib\site-packages\django\template\context.py", line 
158, in __copy__
    duplicate = super().__copy__()
  File "C:\Users\ONE GOD\AppData\Local\Programs\Python\Python314\Lib\site-packages\django\template\context.py", line 
39, in __copy__
    duplicate.dicts = self.dicts[:]
    ^^^^^^^^^^^^^^^
AttributeError: 'super' object has no attribute 'dicts' and no __dict__ for setting new attributes

During handling of the above exception, another exception occurred:

Traceback (most recent call last):
  File "C:\Users\ONE GOD\Desktop\ChurchHub\accounts\tests.py", line 261, in test_user_list_requires_manager_role
    response = self.client.get(reverse("accounts:user_list"))
  File "C:\Users\ONE GOD\AppData\Local\Programs\Python\Python314\Lib\site-packages\django\test\client.py", line 930, 
in get
    response = super().get(path, data=data, secure=secure, headers=headers, **extra)
  File "C:\Users\ONE GOD\AppData\Local\Programs\Python\Python314\Lib\site-packages\django\test\client.py", line 457, 
in get
    return self.generic(
           ~~~~~~~~~~~~^
        "GET",
        ^^^^^^
    ...<6 lines>...
        },
        ^^
    )
    ^
  File "C:\Users\ONE GOD\AppData\Local\Programs\Python\Python314\Lib\site-packages\django\test\client.py", line 609, 
in generic
    return self.request(**r)
           ~~~~~~~~~~~~^^^^^
  File "C:\Users\ONE GOD\AppData\Local\Programs\Python\Python314\Lib\site-packages\django\test\client.py", line 889, 
in request
    response = self.handler(environ)
  File "C:\Users\ONE GOD\AppData\Local\Programs\Python\Python314\Lib\site-packages\django\test\client.py", line 176, 
in __call__
    response = self.get_response(request)
  File "C:\Users\ONE GOD\AppData\Local\Programs\Python\Python314\Lib\site-packages\django\core\handlers\base.py", line 
140, in get_response
    response = self._middleware_chain(request)
  File "C:\Users\ONE GOD\AppData\Local\Programs\Python\Python314\Lib\site-packages\django\core\handlers\exception.py", 
line 57, in inner
    response = response_for_exception(request, exc)
  File "C:\Users\ONE GOD\AppData\Local\Programs\Python\Python314\Lib\site-packages\django\core\handlers\exception.py", 
line 144, in response_for_exception
    log_response(
    ~~~~~~~~~~~~^
        "%s: %s",
        ^^^^^^^^^
    ...<4 lines>...
        exception=exc,
        ^^^^^^^^^^^^^^
    )
    ^
  File "C:\Users\ONE GOD\AppData\Local\Programs\Python\Python314\Lib\site-packages\django\utils\log.py", line 246, in 
log_response
    getattr(logger, level)(
    ~~~~~~~~~~~~~~~~~~~~~~^
        message,
        ^^^^^^^^
    ...<5 lines>...
        exc_info=exception,
        ^^^^^^^^^^^^^^^^^^^
    )
    ^
  File "C:\Users\ONE GOD\AppData\Local\Programs\Python\Python314\Lib\logging\__init__.py", line 1549, in error
    self._log(ERROR, msg, args, **kwargs)
    ~~~~~~~~~^^^^^^^^^^^^^^^^^^^^^^^^^^^^
  File "C:\Users\ONE GOD\AppData\Local\Programs\Python\Python314\Lib\logging\__init__.py", line 1665, in _log
    self.handle(record)
    ~~~~~~~~~~~^^^^^^^^
  File "C:\Users\ONE GOD\AppData\Local\Programs\Python\Python314\Lib\logging\__init__.py", line 1681, in handle
    self.callHandlers(record)
    ~~~~~~~~~~~~~~~~~^^^^^^^^
  File "C:\Users\ONE GOD\AppData\Local\Programs\Python\Python314\Lib\logging\__init__.py", line 1737, in callHandlers
    hdlr.handle(record)
    ~~~~~~~~~~~^^^^^^^^
  File "C:\Users\ONE GOD\AppData\Local\Programs\Python\Python314\Lib\logging\__init__.py", line 1027, in handle
    self.emit(record)
    ~~~~~~~~~^^^^^^^^
  File "C:\Users\ONE GOD\AppData\Local\Programs\Python\Python314\Lib\site-packages\django\utils\log.py", line 125, in 
emit
    reporter.get_traceback_text(),
    ~~~~~~~~~~~~~~~~~~~~~~~~~~~^^
  File "C:\Users\ONE GOD\AppData\Local\Programs\Python\Python314\Lib\site-packages\django\views\debug.py", line 418, 
in get_traceback_text
    return t.render(c)
           ~~~~~~~~^^^
  File "C:\Users\ONE GOD\AppData\Local\Programs\Python\Python314\Lib\site-packages\django\template\base.py", line 175, 
in render
    return self._render(context)
           ~~~~~~~~~~~~^^^^^^^^^
  File "C:\Users\ONE GOD\AppData\Local\Programs\Python\Python314\Lib\site-packages\django\test\utils.py", line 111, in 
instrumented_test_render
    template_rendered.send(sender=self, template=self, context=context)
    ~~~~~~~~~~~~~~~~~~~~~~^^^^^^^^^^^^^^^^^^^^^^^^^^^^^^^^^^^^^^^^^^^^^
  File "C:\Users\ONE GOD\AppData\Local\Programs\Python\Python314\Lib\site-packages\django\dispatch\dispatcher.py", 
line 177, in send
    (receiver, receiver(signal=self, sender=sender, **named))
               ~~~~~~~~^^^^^^^^^^^^^^^^^^^^^^^^^^^^^^^^^^^^^
  File "C:\Users\ONE GOD\AppData\Local\Programs\Python\Python314\Lib\site-packages\django\test\client.py", line 267, 
in store_rendered_templates
    store["context"].append(copy(context))
                            ~~~~^^^^^^^^^
  File "C:\Users\ONE GOD\AppData\Local\Programs\Python\Python314\Lib\copy.py", line 82, in copy
    return copier(x)
  File "C:\Users\ONE GOD\AppData\Local\Programs\Python\Python314\Lib\site-packages\django\template\context.py", line 
158, in __copy__
    duplicate = super().__copy__()
  File "C:\Users\ONE GOD\AppData\Local\Programs\Python\Python314\Lib\site-packages\django\template\context.py", line 
39, in __copy__
    duplicate.dicts = self.dicts[:]
    ^^^^^^^^^^^^^^^
AttributeError: 'super' object has no attribute 'dicts' and no __dict__ for setting new attributes

======================================================================
FAIL: test_super_admin_sees_all_users_and_churches 
(accounts.tests.ManageableScopeTests.test_super_admin_sees_all_users_and_churches)
----------------------------------------------------------------------
Traceback (most recent call last):
  File "C:\Users\ONE GOD\Desktop\ChurchHub\accounts\tests.py", line 134, in 
test_super_admin_sees_all_users_and_churches
    self.assertEqual(get_manageable_users(self.super_admin).count(), 3)
    ~~~~~~~~~~~~~~~~^^^^^^^^^^^^^^^^^^^^^^^^^^^^^^^^^^^^^^^^^^^^^^^^^^^
AssertionError: 4 != 3

----------------------------------------------------------------------
Ran 27 tests in 95.748s

FAILED (failures=1, errors=4)
Destroying test database for alias 'default'...

